/home/jeong/Desktop/IPAD/.venv/lib/python3.13/site-packages/timm/models/layers/__init__.py:49: FutureWarning: Importing from timm.models.layers is deprecated, please import via timm.layers
  warnings.warn(f"Importing from {__name__} is deprecated, please import via timm.layers", FutureWarning)
/home/jeong/Desktop/IPAD/.venv/lib/python3.13/site-packages/torch/functional.py:505: UserWarning: torch.meshgrid: in an upcoming release, it will be required to pass the indexing argument. (Triggered internally at /pytorch/aten/src/ATen/native/TensorShape.cpp:4381.)
  return _VF.meshgrid(tensors, **kwargs)  # type: ignore[attr-defined]
/home/jeong/Desktop/IPAD/cache/dinov2_source/7764ea0f912e53c92e82eb78a2a1631e92725fc8/dinov2/layers/swiglu_ffn.py:51: UserWarning: xFormers is not available (SwiGLU)
  warnings.warn("xFormers is not available (SwiGLU)")
/home/jeong/Desktop/IPAD/cache/dinov2_source/7764ea0f912e53c92e82eb78a2a1631e92725fc8/dinov2/layers/attention.py:33: UserWarning: xFormers is not available (Attention)
  warnings.warn("xFormers is not available (Attention)")
/home/jeong/Desktop/IPAD/cache/dinov2_source/7764ea0f912e53c92e82eb78a2a1631e92725fc8/dinov2/layers/block.py:40: UserWarning: xFormers is not available (Block)
  warnings.warn("xFormers is not available (Block)")
{"scene": "R02", "evaluation_step": 0, "steps": 2349}
{"scene": "R02", "evaluation_step": 100, "steps": 2349}
{"scene": "R02", "evaluation_step": 200, "steps": 2349}
{"scene": "R02", "evaluation_step": 300, "steps": 2349}
{"scene": "R02", "evaluation_step": 400, "steps": 2349}
{"scene": "R02", "evaluation_step": 500, "steps": 2349}
{"scene": "R02", "evaluation_step": 600, "steps": 2349}
{"scene": "R02", "evaluation_step": 700, "steps": 2349}
{"scene": "R02", "evaluation_step": 800, "steps": 2349}
{"scene": "R02", "evaluation_step": 900, "steps": 2349}
{"scene": "R02", "evaluation_step": 1000, "steps": 2349}
{"scene": "R02", "evaluation_step": 1100, "steps": 2349}
{"scene": "R02", "evaluation_step": 1200, "steps": 2349}
{"scene": "R02", "evaluation_step": 1300, "steps": 2349}
{"scene": "R02", "evaluation_step": 1400, "steps": 2349}
{"scene": "R02", "evaluation_step": 1500, "steps": 2349}
{"scene": "R02", "evaluation_step": 1600, "steps": 2349}
{"scene": "R02", "evaluation_step": 1700, "steps": 2349}
{"scene": "R02", "evaluation_step": 1800, "steps": 2349}
{"scene": "R02", "evaluation_step": 1900, "steps": 2349}
{"scene": "R02", "evaluation_step": 2000, "steps": 2349}
{"scene": "R02", "evaluation_step": 2100, "steps": 2349}
{"scene": "R02", "evaluation_step": 2200, "steps": 2349}
{"scene": "R02", "evaluation_step": 2300, "steps": 2349}
{"metrics": {"negative_psnr": {"auroc": 79.5320577689847, "auprc": 65.86522526280037, "frames": 7478}, "phase_error": {"auroc": 67.436802934057, "auprc": 51.67864952127251, "frames": 7478}, "dino_patch6": {"auroc": 68.03681420965924, "auprc": 52.37046503220062, "frames": 7478}, "dino_patch12": {"auroc": 70.30221930383107, "auprc": 56.267589388553795, "frames": 7478}, "dino_cls": {"auroc": 77.77469041049508, "auprc": 63.61796399982337, "frames": 7478}, "dino_multilevel": {"auroc": 69.70253176750909, "auprc": 55.19648821091213, "frames": 7478}, "negative_psnr_with_phase": {"auroc": 80.25405953265313, "auprc": 68.54480373945395, "frames": 7478}, "dino_patch6_with_phase": {"auroc": 69.69086136125892, "auprc": 56.147871760358356, "frames": 7478}, "dino_patch12_with_phase": {"auroc": 71.72731171955145, "auprc": 60.14735392505386, "frames": 7478}, "dino_cls_with_phase": {"auroc": 78.72736035940429, "auprc": 65.92725600830975, "frames": 7478}, "dino_multilevel_with_phase": {"auroc": 71.17309375994907, "auprc": 59.11187850212129, "frames": 7478}}, "excluded_videos": ["12", "13", "14"], "missing_videos": [], "label_shift": 0, "policy": "strict", "frames": 7478, "paper_auc": 75.4, "paper_comparable_label_coverage": false, "scene": "R02", "checkpoint": "runs/paper/R02/seed0/model.pt", "checkpoint_epoch": 50, "complete_training_protocol": true, "seconds": 115.0487098370213, "inference_seconds": 112.56631301832385, "clips": 9393, "inference_clips_per_second": 83.44414725985546, "peak_gb": 2.434270208, "protocol": "offline scene-wide normalization; centered clip and window; no test-phase oracle"}
