/home/jeong/Desktop/IPAD/.venv/lib/python3.13/site-packages/timm/models/layers/__init__.py:49: FutureWarning: Importing from timm.models.layers is deprecated, please import via timm.layers
  warnings.warn(f"Importing from {__name__} is deprecated, please import via timm.layers", FutureWarning)
Traceback (most recent call last):
  File "/home/jeong/Desktop/IPAD/scripts/run_stage7.py", line 49, in <module>
    if __name__=='__main__':main()
                            ~~~~^^
  File "/home/jeong/Desktop/IPAD/scripts/run_stage7.py", line 34, in main
    run(f'{a.stage}/{scene}/seed{seed}/{b}_k{k}',module,args)
    ~~~^^^^^^^^^^^^^^^^^^^^^^^^^^^^^^^^^^^^^^^^^^^^^^^^^^^^^^
  File "/home/jeong/Desktop/IPAD/scripts/run_stage7.py", line 22, in run
    with (dest/(name.replace('/','_')+'.log')).open('a') as f:subprocess.run(command,stdout=f,stderr=subprocess.STDOUT,check=True)
                                                              ~~~~~~~~~~~~~~^^^^^^^^^^^^^^^^^^^^^^^^^^^^^^^^^^^^^^^^^^^^^^^^^^^^^^
  File "/home/jeong/.local/share/uv/python/cpython-3.13.13-linux-x86_64-gnu/lib/python3.13/subprocess.py", line 577, in run
    raise CalledProcessError(retcode, process.args,
                             output=stdout, stderr=stderr)
subprocess.CalledProcessError: Command '['/home/jeong/Desktop/IPAD/.venv/bin/python', '-m', 'ipad.stage7', '--action', 'diagnose', '--scene', 'R01', '--seed', '0', '--backbone', 'B', '--k', '10']' returned non-zero exit status 1.
/home/jeong/Desktop/IPAD/.venv/lib/python3.13/site-packages/timm/models/layers/__init__.py:49: FutureWarning: Importing from timm.models.layers is deprecated, please import via timm.layers
  warnings.warn(f"Importing from {__name__} is deprecated, please import via timm.layers", FutureWarning)
Traceback (most recent call last):
  File "/home/jeong/Desktop/IPAD/scripts/run_stage7.py", line 49, in <module>
    if __name__=='__main__':main()
                            ~~~~^^
  File "/home/jeong/Desktop/IPAD/scripts/run_stage7.py", line 34, in main
    run(f'{a.stage}/{scene}/seed{seed}/{b}_k{k}',module,args)
    ~~~^^^^^^^^^^^^^^^^^^^^^^^^^^^^^^^^^^^^^^^^^^^^^^^^^^^^^^
  File "/home/jeong/Desktop/IPAD/scripts/run_stage7.py", line 22, in run
    with (dest/(name.replace('/','_')+'.log')).open('a') as f:subprocess.run(command,stdout=f,stderr=subprocess.STDOUT,check=True)
                                                              ~~~~~~~~~~~~~~^^^^^^^^^^^^^^^^^^^^^^^^^^^^^^^^^^^^^^^^^^^^^^^^^^^^^^
  File "/home/jeong/.local/share/uv/python/cpython-3.13.13-linux-x86_64-gnu/lib/python3.13/subprocess.py", line 577, in run
    raise CalledProcessError(retcode, process.args,
                             output=stdout, stderr=stderr)
subprocess.CalledProcessError: Command '['/home/jeong/Desktop/IPAD/.venv/bin/python', '-m', 'ipad.stage7', '--action', 'diagnose', '--scene', 'R01', '--seed', '0', '--backbone', 'B', '--k', '10']' returned non-zero exit status 1.
/home/jeong/Desktop/IPAD/.venv/lib/python3.13/site-packages/timm/models/layers/__init__.py:49: FutureWarning: Importing from timm.models.layers is deprecated, please import via timm.layers
  warnings.warn(f"Importing from {__name__} is deprecated, please import via timm.layers", FutureWarning)
