/home/jeong/Desktop/IPAD/.venv/lib/python3.13/site-packages/timm/models/layers/__init__.py:49: FutureWarning: Importing from timm.models.layers is deprecated, please import via timm.layers
  warnings.warn(f"Importing from {__name__} is deprecated, please import via timm.layers", FutureWarning)
/home/jeong/Desktop/IPAD/cache/dinov2_source/7764ea0f912e53c92e82eb78a2a1631e92725fc8/dinov2/layers/swiglu_ffn.py:51: UserWarning: xFormers is not available (SwiGLU)
  warnings.warn("xFormers is not available (SwiGLU)")
/home/jeong/Desktop/IPAD/cache/dinov2_source/7764ea0f912e53c92e82eb78a2a1631e92725fc8/dinov2/layers/attention.py:33: UserWarning: xFormers is not available (Attention)
  warnings.warn("xFormers is not available (Attention)")
/home/jeong/Desktop/IPAD/cache/dinov2_source/7764ea0f912e53c92e82eb78a2a1631e92725fc8/dinov2/layers/block.py:40: UserWarning: xFormers is not available (Block)
  warnings.warn("xFormers is not available (Block)")
/home/jeong/Desktop/IPAD/ipad/stage8.py:142: UserWarning: Converting a tensor with requires_grad=True to a scalar may lead to unexpected behavior.
Consider using tensor.detach() first. (Triggered internally at /pytorch/torch/csrc/autograd/generated/python_variable_methods.cpp:836.)
  opt.step();values=np.array([float(loss),float(cons),float(anchor)]);total+=values*len(indices)
{"adapter": "runs/stage8/8-2/adapters/R02/seed0/anchored", "epoch": 1, "loss": 0.0009194096625530316, "consistency": 0.0008936615704442374, "anchor": 2.5748091274646612e-05, "seconds": 3.8186652660369873}
{"adapter": "runs/stage8/8-2/adapters/R02/seed0/anchored", "epoch": 2, "loss": 0.0009182736527388139, "consistency": 0.0008854600115834425, "anchor": 3.2813646650235263e-05, "seconds": 3.183389663696289}
{"adapter": "runs/stage8/8-2/adapters/R02/seed0/anchored", "epoch": 3, "loss": 0.0008987422843347304, "consistency": 0.0008580755141641324, "anchor": 4.066676759369633e-05, "seconds": 3.1960866451263428}
{"adapter": "runs/stage8/8-2/adapters/R02/seed0/anchored", "epoch": 4, "loss": 0.0009073832273619095, "consistency": 0.0008653177731806257, "anchor": 4.206546297306583e-05, "seconds": 3.1982460021972656}
{"adapter": "runs/stage8/8-2/adapters/R02/seed0/anchored", "epoch": 5, "loss": 0.000950704295973992, "consistency": 0.0008990753449324984, "anchor": 5.162895892378098e-05, "seconds": 3.197523832321167}
{"adapter": "runs/stage8/8-2/adapters/R02/seed0/anchored", "epoch": 6, "loss": 0.0009261487551460353, "consistency": 0.000874841369901939, "anchor": 5.130738213665609e-05, "seconds": 3.198198080062866}
{"adapter": "runs/stage8/8-2/adapters/R02/seed0/anchored", "epoch": 7, "loss": 0.0008866333240196885, "consistency": 0.0008314987268628707, "anchor": 5.5134598521059765e-05, "seconds": 3.196028232574463}
{"adapter": "runs/stage8/8-2/adapters/R02/seed0/anchored", "epoch": 8, "loss": 0.0008787570647352064, "consistency": 0.0008217455955067029, "anchor": 5.701147620129632e-05, "seconds": 3.1943743228912354}
{"adapter": "runs/stage8/8-2/adapters/R02/seed0/anchored", "epoch": 9, "loss": 0.0009231779076799285, "consistency": 0.0008646373134979513, "anchor": 5.854059637992274e-05, "seconds": 3.198495864868164}
{"adapter": "runs/stage8/8-2/adapters/R02/seed0/anchored", "epoch": 10, "loss": 0.0008854980539278282, "consistency": 0.0008251077391226621, "anchor": 6.039031958001336e-05, "seconds": 3.2074499130249023}
