/home/jeong/Desktop/IPAD/.venv/lib/python3.13/site-packages/timm/models/layers/__init__.py:49: FutureWarning: Importing from timm.models.layers is deprecated, please import via timm.layers
  warnings.warn(f"Importing from {__name__} is deprecated, please import via timm.layers", FutureWarning)
/home/jeong/Desktop/IPAD/cache/dinov2_source/7764ea0f912e53c92e82eb78a2a1631e92725fc8/dinov2/layers/swiglu_ffn.py:51: UserWarning: xFormers is not available (SwiGLU)
  warnings.warn("xFormers is not available (SwiGLU)")
/home/jeong/Desktop/IPAD/cache/dinov2_source/7764ea0f912e53c92e82eb78a2a1631e92725fc8/dinov2/layers/attention.py:33: UserWarning: xFormers is not available (Attention)
  warnings.warn("xFormers is not available (Attention)")
/home/jeong/Desktop/IPAD/cache/dinov2_source/7764ea0f912e53c92e82eb78a2a1631e92725fc8/dinov2/layers/block.py:40: UserWarning: xFormers is not available (Block)
  warnings.warn("xFormers is not available (Block)")
/home/jeong/Desktop/IPAD/.venv/lib/python3.13/site-packages/torch/_inductor/select_algorithm.py:3686: UserWarning: TypedStorage is deprecated. It will be removed in the future and UntypedStorage will be the only storage class. This should only matter to you if you are using storages directly.  To access UntypedStorage directly, use tensor.untyped_storage() instead of tensor.storage()
  current_out_size = out_base.storage().size()
E0926 11:12:53.104000 1505596 .venv/lib/python3.13/site-packages/torch/_inductor/select_algorithm.py:3924] [0/0] Runtime error during autotuning: 
E0926 11:12:53.104000 1505596 .venv/lib/python3.13/site-packages/torch/_inductor/select_algorithm.py:3924] [0/0] No valid triton configs. OutOfMemoryError: out of resource: triton_mm Required: 131072 Hardware limit:101376 Reducing block sizes or `num_stages` may help.. 
E0926 11:12:53.104000 1505596 .venv/lib/python3.13/site-packages/torch/_inductor/select_algorithm.py:3924] [0/0] Ignoring this choice.
E0926 11:12:53.177000 1505596 .venv/lib/python3.13/site-packages/torch/_inductor/select_algorithm.py:3924] [0/0] Runtime error during autotuning: 
E0926 11:12:53.177000 1505596 .venv/lib/python3.13/site-packages/torch/_inductor/select_algorithm.py:3924] [0/0] No valid triton configs. OutOfMemoryError: out of resource: triton_mm Required: 147456 Hardware limit:101376 Reducing block sizes or `num_stages` may help.. 
E0926 11:12:53.177000 1505596 .venv/lib/python3.13/site-packages/torch/_inductor/select_algorithm.py:3924] [0/0] Ignoring this choice.
E0926 11:12:53.298000 1505596 .venv/lib/python3.13/site-packages/torch/_inductor/select_algorithm.py:3924] [0/0] Runtime error during autotuning: 
E0926 11:12:53.298000 1505596 .venv/lib/python3.13/site-packages/torch/_inductor/select_algorithm.py:3924] [0/0] No valid triton configs. OutOfMemoryError: out of resource: triton_mm Required: 131072 Hardware limit:101376 Reducing block sizes or `num_stages` may help.. 
E0926 11:12:53.298000 1505596 .venv/lib/python3.13/site-packages/torch/_inductor/select_algorithm.py:3924] [0/0] Ignoring this choice.
E0926 11:12:53.302000 1505596 .venv/lib/python3.13/site-packages/torch/_inductor/select_algorithm.py:3924] [0/0] Runtime error during autotuning: 
E0926 11:12:53.302000 1505596 .venv/lib/python3.13/site-packages/torch/_inductor/select_algorithm.py:3924] [0/0] No valid triton configs. OutOfMemoryError: out of resource: triton_mm Required: 196608 Hardware limit:101376 Reducing block sizes or `num_stages` may help.. 
E0926 11:12:53.302000 1505596 .venv/lib/python3.13/site-packages/torch/_inductor/select_algorithm.py:3924] [0/0] Ignoring this choice.
Autotune Choices Stats:
{"num_choices": 21, "num_triton_choices": 20, "best_kernel": "triton_mm_63", "best_kernel_desc": "ACC_TYPE='tl.float32', ALLOW_TF32=False, BLOCK_K=64, BLOCK_M=64, BLOCK_N=128, EVEN_K=True, GROUP_M=8, USE_FAST_ACCUM=False, num_stages=3, num_warps=4", "best_time": 0.013887999579310417, "best_triton_pos": 0}
AUTOTUNE mm(325x768, 768x3072)
strides: [768, 1], [1, 768]
dtypes: torch.bfloat16, torch.bfloat16
  triton_mm_63 0.0139 ms 100.0% ACC_TYPE='tl.float32', ALLOW_TF32=False, BLOCK_K=64, BLOCK_M=64, BLOCK_N=128, EVEN_K=True, GROUP_M=8, USE_FAST_ACCUM=False, num_stages=3, num_warps=4
  triton_mm_59 0.0158 ms 87.7% ACC_TYPE='tl.float32', ALLOW_TF32=False, BLOCK_K=64, BLOCK_M=64, BLOCK_N=64, EVEN_K=True, GROUP_M=8, USE_FAST_ACCUM=False, num_stages=3, num_warps=8
  triton_mm_62 0.0160 ms 86.8% ACC_TYPE='tl.float32', ALLOW_TF32=False, BLOCK_K=32, BLOCK_M=64, BLOCK_N=128, EVEN_K=True, GROUP_M=8, USE_FAST_ACCUM=False, num_stages=4, num_warps=8
  mm 0.0179 ms 77.6% 
  triton_mm_54 0.0179 ms 77.6% ACC_TYPE='tl.float32', ALLOW_TF32=False, BLOCK_K=32, BLOCK_M=32, BLOCK_N=64, EVEN_K=True, GROUP_M=8, USE_FAST_ACCUM=False, num_stages=5, num_warps=8
  triton_mm_69 0.0179 ms 77.6% ACC_TYPE='tl.float32', ALLOW_TF32=False, BLOCK_K=64, BLOCK_M=128, BLOCK_N=128, EVEN_K=True, GROUP_M=8, USE_FAST_ACCUM=False, num_stages=3, num_warps=4
  triton_mm_66 0.0180 ms 77.1% ACC_TYPE='tl.float32', ALLOW_TF32=False, BLOCK_K=32, BLOCK_M=128, BLOCK_N=64, EVEN_K=True, GROUP_M=8, USE_FAST_ACCUM=False, num_stages=4, num_warps=8
  triton_mm_61 0.0201 ms 69.2% ACC_TYPE='tl.float32', ALLOW_TF32=False, BLOCK_K=32, BLOCK_M=64, BLOCK_N=128, EVEN_K=True, GROUP_M=8, USE_FAST_ACCUM=False, num_stages=3, num_warps=4
  triton_mm_68 0.0201 ms 69.2% ACC_TYPE='tl.float32', ALLOW_TF32=False, BLOCK_K=32, BLOCK_M=128, BLOCK_N=128, EVEN_K=True, GROUP_M=8, USE_FAST_ACCUM=False, num_stages=3, num_warps=4
  triton_mm_65 0.0205 ms 67.8% ACC_TYPE='tl.float32', ALLOW_TF32=False, BLOCK_K=32, BLOCK_M=128, BLOCK_N=64, EVEN_K=True, GROUP_M=8, USE_FAST_ACCUM=False, num_stages=3, num_warps=4
SingleProcess AUTOTUNE benchmarking takes 0.4154 seconds and 3.6281 seconds precompiling for 21 choices
Autotune Choices Stats:
{"num_choices": 13, "num_triton_choices": 12, "best_kernel": "convolution", "best_time": 0.055296000093221664, "best_triton_pos": 1, "best_triton_time": 0.10195200145244598, "best_triton_kernel": "triton_convolution2d_8", "best_triton_kernel_desc": "ALLOW_TF32=False, BLOCK_K=16, BLOCK_M=64, BLOCK_N=128, GROUPS=1, KERNEL_H=14, KERNEL_W=14, PADDING_H=0, PADDING_W=0, STRIDE_H=14, STRIDE_W=14, UNROLL=False, num_stages=4, num_warps=4"}
AUTOTUNE convolution(1x3x252x252, 768x3x14x14)
strides: [190512, 63504, 252, 1], [588, 196, 14, 1]
dtypes: torch.bfloat16, torch.bfloat16
  convolution 0.0553 ms 100.0% 
  triton_convolution2d_8 0.1020 ms 54.2% ALLOW_TF32=False, BLOCK_K=16, BLOCK_M=64, BLOCK_N=128, GROUPS=1, KERNEL_H=14, KERNEL_W=14, PADDING_H=0, PADDING_W=0, STRIDE_H=14, STRIDE_W=14, UNROLL=False, num_stages=4, num_warps=4
  triton_convolution2d_4 0.1208 ms 45.8% ALLOW_TF32=False, BLOCK_K=16, BLOCK_M=64, BLOCK_N=64, GROUPS=1, KERNEL_H=14, KERNEL_W=14, PADDING_H=0, PADDING_W=0, STRIDE_H=14, STRIDE_W=14, UNROLL=False, num_stages=2, num_warps=4
  triton_convolution2d_9 0.1407 ms 39.3% ALLOW_TF32=False, BLOCK_K=16, BLOCK_M=128, BLOCK_N=64, GROUPS=1, KERNEL_H=14, KERNEL_W=14, PADDING_H=0, PADDING_W=0, STRIDE_H=14, STRIDE_W=14, UNROLL=False, num_stages=4, num_warps=4
  triton_convolution2d_1 0.1409 ms 39.2% ALLOW_TF32=False, BLOCK_K=16, BLOCK_M=256, BLOCK_N=64, GROUPS=1, KERNEL_H=14, KERNEL_W=14, PADDING_H=0, PADDING_W=0, STRIDE_H=14, STRIDE_W=14, UNROLL=False, num_stages=2, num_warps=4
  triton_convolution2d_5 0.1511 ms 36.6% ALLOW_TF32=False, BLOCK_K=16, BLOCK_M=64, BLOCK_N=256, GROUPS=1, KERNEL_H=14, KERNEL_W=14, PADDING_H=0, PADDING_W=0, STRIDE_H=14, STRIDE_W=14, UNROLL=False, num_stages=2, num_warps=8
  triton_convolution2d_6 0.1757 ms 31.5% ALLOW_TF32=False, BLOCK_K=16, BLOCK_M=256, BLOCK_N=64, GROUPS=1, KERNEL_H=14, KERNEL_W=14, PADDING_H=0, PADDING_W=0, STRIDE_H=14, STRIDE_W=14, UNROLL=False, num_stages=2, num_warps=8
  triton_convolution2d_2 0.1796 ms 30.8% ALLOW_TF32=False, BLOCK_K=16, BLOCK_M=1024, BLOCK_N=16, GROUPS=1, KERNEL_H=14, KERNEL_W=14, PADDING_H=0, PADDING_W=0, STRIDE_H=14, STRIDE_W=14, UNROLL=False, num_stages=1, num_warps=8
  triton_convolution2d_10 0.1802 ms 30.7% ALLOW_TF32=False, BLOCK_K=16, BLOCK_M=256, BLOCK_N=128, GROUPS=1, KERNEL_H=14, KERNEL_W=14, PADDING_H=0, PADDING_W=0, STRIDE_H=14, STRIDE_W=14, UNROLL=False, num_stages=2, num_warps=8
  triton_convolution2d_3 0.1941 ms 28.5% ALLOW_TF32=False, BLOCK_K=16, BLOCK_M=128, BLOCK_N=128, GROUPS=1, KERNEL_H=14, KERNEL_W=14, PADDING_H=0, PADDING_W=0, STRIDE_H=14, STRIDE_W=14, UNROLL=False, num_stages=2, num_warps=8
SingleProcess AUTOTUNE benchmarking takes 0.5030 seconds and 0.0001 seconds precompiling for 13 choices
E0926 11:12:55.999000 1505596 .venv/lib/python3.13/site-packages/torch/_inductor/select_algorithm.py:3924] [0/0] Runtime error during autotuning: 
E0926 11:12:55.999000 1505596 .venv/lib/python3.13/site-packages/torch/_inductor/select_algorithm.py:3924] [0/0] No valid triton configs. OutOfMemoryError: out of resource: triton_mm Required: 131072 Hardware limit:101376 Reducing block sizes or `num_stages` may help.. 
E0926 11:12:55.999000 1505596 .venv/lib/python3.13/site-packages/torch/_inductor/select_algorithm.py:3924] [0/0] Ignoring this choice.
E0926 11:12:56.069000 1505596 .venv/lib/python3.13/site-packages/torch/_inductor/select_algorithm.py:3924] [0/0] Runtime error during autotuning: 
E0926 11:12:56.069000 1505596 .venv/lib/python3.13/site-packages/torch/_inductor/select_algorithm.py:3924] [0/0] No valid triton configs. OutOfMemoryError: out of resource: triton_mm Required: 147456 Hardware limit:101376 Reducing block sizes or `num_stages` may help.. 
E0926 11:12:56.069000 1505596 .venv/lib/python3.13/site-packages/torch/_inductor/select_algorithm.py:3924] [0/0] Ignoring this choice.
E0926 11:12:56.185000 1505596 .venv/lib/python3.13/site-packages/torch/_inductor/select_algorithm.py:3924] [0/0] Runtime error during autotuning: 
E0926 11:12:56.185000 1505596 .venv/lib/python3.13/site-packages/torch/_inductor/select_algorithm.py:3924] [0/0] No valid triton configs. OutOfMemoryError: out of resource: triton_mm Required: 131072 Hardware limit:101376 Reducing block sizes or `num_stages` may help.. 
E0926 11:12:56.185000 1505596 .venv/lib/python3.13/site-packages/torch/_inductor/select_algorithm.py:3924] [0/0] Ignoring this choice.
E0926 11:12:56.188000 1505596 .venv/lib/python3.13/site-packages/torch/_inductor/select_algorithm.py:3924] [0/0] Runtime error during autotuning: 
E0926 11:12:56.188000 1505596 .venv/lib/python3.13/site-packages/torch/_inductor/select_algorithm.py:3924] [0/0] No valid triton configs. OutOfMemoryError: out of resource: triton_mm Required: 196608 Hardware limit:101376 Reducing block sizes or `num_stages` may help.. 
E0926 11:12:56.188000 1505596 .venv/lib/python3.13/site-packages/torch/_inductor/select_algorithm.py:3924] [0/0] Ignoring this choice.
Autotune Choices Stats:
{"num_choices": 21, "num_triton_choices": 20, "best_kernel": "triton_mm_22", "best_kernel_desc": "ACC_TYPE='tl.float32', ALLOW_TF32=False, BLOCK_K=32, BLOCK_M=64, BLOCK_N=128, EVEN_K=True, GROUP_M=8, USE_FAST_ACCUM=False, num_stages=4, num_warps=8", "best_time": 0.013791999779641628, "best_triton_pos": 0}
AUTOTUNE mm(325x768, 768x2304)
strides: [768, 1], [1, 768]
dtypes: torch.bfloat16, torch.bfloat16
  triton_mm_22 0.0138 ms 100.0% ACC_TYPE='tl.float32', ALLOW_TF32=False, BLOCK_K=32, BLOCK_M=64, BLOCK_N=128, EVEN_K=True, GROUP_M=8, USE_FAST_ACCUM=False, num_stages=4, num_warps=8
  triton_mm_19 0.0139 ms 99.1% ACC_TYPE='tl.float32', ALLOW_TF32=False, BLOCK_K=64, BLOCK_M=64, BLOCK_N=64, EVEN_K=True, GROUP_M=8, USE_FAST_ACCUM=False, num_stages=3, num_warps=8
  triton_mm_23 0.0140 ms 98.9% ACC_TYPE='tl.float32', ALLOW_TF32=False, BLOCK_K=64, BLOCK_M=64, BLOCK_N=128, EVEN_K=True, GROUP_M=8, USE_FAST_ACCUM=False, num_stages=3, num_warps=4
  triton_mm_25 0.0144 ms 95.6% ACC_TYPE='tl.float32', ALLOW_TF32=False, BLOCK_K=32, BLOCK_M=128, BLOCK_N=64, EVEN_K=True, GROUP_M=8, USE_FAST_ACCUM=False, num_stages=3, num_warps=4
  triton_mm_13 0.0160 ms 86.2% ACC_TYPE='tl.float32', ALLOW_TF32=False, BLOCK_K=128, BLOCK_M=32, BLOCK_N=32, EVEN_K=True, GROUP_M=8, USE_FAST_ACCUM=False, num_stages=2, num_warps=4
  triton_mm_14 0.0160 ms 86.2% ACC_TYPE='tl.float32', ALLOW_TF32=False, BLOCK_K=32, BLOCK_M=32, BLOCK_N=64, EVEN_K=True, GROUP_M=8, USE_FAST_ACCUM=False, num_stages=5, num_warps=8
  triton_mm_26 0.0160 ms 86.2% ACC_TYPE='tl.float32', ALLOW_TF32=False, BLOCK_K=32, BLOCK_M=128, BLOCK_N=64, EVEN_K=True, GROUP_M=8, USE_FAST_ACCUM=False, num_stages=4, num_warps=8
  triton_mm_21 0.0167 ms 82.4% ACC_TYPE='tl.float32', ALLOW_TF32=False, BLOCK_K=32, BLOCK_M=64, BLOCK_N=128, EVEN_K=True, GROUP_M=8, USE_FAST_ACCUM=False, num_stages=3, num_warps=4
  triton_mm_15 0.0177 ms 77.8% ACC_TYPE='tl.float32', ALLOW_TF32=False, BLOCK_K=32, BLOCK_M=64, BLOCK_N=32, EVEN_K=True, GROUP_M=8, USE_FAST_ACCUM=False, num_stages=5, num_warps=8
  triton_mm_28 0.0180 ms 76.6% ACC_TYPE='tl.float32', ALLOW_TF32=False, BLOCK_K=32, BLOCK_M=128, BLOCK_N=128, EVEN_K=True, GROUP_M=8, USE_FAST_ACCUM=False, num_stages=3, num_warps=4
SingleProcess AUTOTUNE benchmarking takes 0.3979 seconds and 0.0001 seconds precompiling for 21 choices
E0926 11:12:56.390000 1505596 .venv/lib/python3.13/site-packages/torch/_inductor/select_algorithm.py:3924] [0/0] Runtime error during autotuning: 
E0926 11:12:56.390000 1505596 .venv/lib/python3.13/site-packages/torch/_inductor/select_algorithm.py:3924] [0/0] No valid triton configs. OutOfMemoryError: out of resource: triton_mm Required: 131072 Hardware limit:101376 Reducing block sizes or `num_stages` may help.. 
E0926 11:12:56.390000 1505596 .venv/lib/python3.13/site-packages/torch/_inductor/select_algorithm.py:3924] [0/0] Ignoring this choice.
E0926 11:12:56.460000 1505596 .venv/lib/python3.13/site-packages/torch/_inductor/select_algorithm.py:3924] [0/0] Runtime error during autotuning: 
E0926 11:12:56.460000 1505596 .venv/lib/python3.13/site-packages/torch/_inductor/select_algorithm.py:3924] [0/0] No valid triton configs. OutOfMemoryError: out of resource: triton_mm Required: 147456 Hardware limit:101376 Reducing block sizes or `num_stages` may help.. 
E0926 11:12:56.460000 1505596 .venv/lib/python3.13/site-packages/torch/_inductor/select_algorithm.py:3924] [0/0] Ignoring this choice.
E0926 11:12:56.576000 1505596 .venv/lib/python3.13/site-packages/torch/_inductor/select_algorithm.py:3924] [0/0] Runtime error during autotuning: 
E0926 11:12:56.576000 1505596 .venv/lib/python3.13/site-packages/torch/_inductor/select_algorithm.py:3924] [0/0] No valid triton configs. OutOfMemoryError: out of resource: triton_mm Required: 131072 Hardware limit:101376 Reducing block sizes or `num_stages` may help.. 
E0926 11:12:56.576000 1505596 .venv/lib/python3.13/site-packages/torch/_inductor/select_algorithm.py:3924] [0/0] Ignoring this choice.
E0926 11:12:56.579000 1505596 .venv/lib/python3.13/site-packages/torch/_inductor/select_algorithm.py:3924] [0/0] Runtime error during autotuning: 
E0926 11:12:56.579000 1505596 .venv/lib/python3.13/site-packages/torch/_inductor/select_algorithm.py:3924] [0/0] No valid triton configs. OutOfMemoryError: out of resource: triton_mm Required: 196608 Hardware limit:101376 Reducing block sizes or `num_stages` may help.. 
E0926 11:12:56.579000 1505596 .venv/lib/python3.13/site-packages/torch/_inductor/select_algorithm.py:3924] [0/0] Ignoring this choice.
Autotune Choices Stats:
{"num_choices": 21, "num_triton_choices": 20, "best_kernel": "triton_mm_36", "best_kernel_desc": "ACC_TYPE='tl.float32', ALLOW_TF32=False, BLOCK_K=128, BLOCK_M=64, BLOCK_N=32, EVEN_K=True, GROUP_M=8, USE_FAST_ACCUM=False, num_stages=5, num_warps=4", "best_time": 0.007552000228315592, "best_triton_pos": 0}
AUTOTUNE mm(325x768, 768x768)
strides: [768, 1], [1, 768]
dtypes: torch.bfloat16, torch.bfloat16
  triton_mm_36 0.0076 ms 100.0% ACC_TYPE='tl.float32', ALLOW_TF32=False, BLOCK_K=128, BLOCK_M=64, BLOCK_N=32, EVEN_K=True, GROUP_M=8, USE_FAST_ACCUM=False, num_stages=5, num_warps=4
  triton_mm_34 0.0076 ms 98.7% ACC_TYPE='tl.float32', ALLOW_TF32=False, BLOCK_K=32, BLOCK_M=32, BLOCK_N=64, EVEN_K=True, GROUP_M=8, USE_FAST_ACCUM=False, num_stages=5, num_warps=8
  triton_mm_35 0.0096 ms 78.4% ACC_TYPE='tl.float32', ALLOW_TF32=False, BLOCK_K=32, BLOCK_M=64, BLOCK_N=32, EVEN_K=True, GROUP_M=8, USE_FAST_ACCUM=False, num_stages=5, num_warps=8
  triton_mm_33 0.0098 ms 77.4% ACC_TYPE='tl.float32', ALLOW_TF32=False, BLOCK_K=128, BLOCK_M=32, BLOCK_N=32, EVEN_K=True, GROUP_M=8, USE_FAST_ACCUM=False, num_stages=2, num_warps=4
  mm 0.0102 ms 73.8% 
  triton_mm_39 0.0102 ms 73.8% ACC_TYPE='tl.float32', ALLOW_TF32=False, BLOCK_K=64, BLOCK_M=64, BLOCK_N=64, EVEN_K=True, GROUP_M=8, USE_FAST_ACCUM=False, num_stages=3, num_warps=8
  triton_mm_42 0.0123 ms 61.5% ACC_TYPE='tl.float32', ALLOW_TF32=False, BLOCK_K=32, BLOCK_M=64, BLOCK_N=128, EVEN_K=True, GROUP_M=8, USE_FAST_ACCUM=False, num_stages=4, num_warps=8
  triton_mm_43 0.0123 ms 61.5% ACC_TYPE='tl.float32', ALLOW_TF32=False, BLOCK_K=64, BLOCK_M=64, BLOCK_N=128, EVEN_K=True, GROUP_M=8, USE_FAST_ACCUM=False, num_stages=3, num_warps=4
  triton_mm_46 0.0123 ms 61.5% ACC_TYPE='tl.float32', ALLOW_TF32=False, BLOCK_K=32, BLOCK_M=128, BLOCK_N=64, EVEN_K=True, GROUP_M=8, USE_FAST_ACCUM=False, num_stages=4, num_warps=8
  triton_mm_45 0.0143 ms 52.8% ACC_TYPE='tl.float32', ALLOW_TF32=False, BLOCK_K=32, BLOCK_M=128, BLOCK_N=64, EVEN_K=True, GROUP_M=8, USE_FAST_ACCUM=False, num_stages=3, num_warps=4
SingleProcess AUTOTUNE benchmarking takes 0.3911 seconds and 0.0001 seconds precompiling for 21 choices
E0926 11:12:56.813000 1505596 .venv/lib/python3.13/site-packages/torch/_inductor/select_algorithm.py:3924] [0/0] Runtime error during autotuning: 
E0926 11:12:56.813000 1505596 .venv/lib/python3.13/site-packages/torch/_inductor/select_algorithm.py:3924] [0/0] No valid triton configs. OutOfMemoryError: out of resource: triton_mm Required: 131072 Hardware limit:101376 Reducing block sizes or `num_stages` may help.. 
E0926 11:12:56.813000 1505596 .venv/lib/python3.13/site-packages/torch/_inductor/select_algorithm.py:3924] [0/0] Ignoring this choice.
E0926 11:12:56.889000 1505596 .venv/lib/python3.13/site-packages/torch/_inductor/select_algorithm.py:3924] [0/0] Runtime error during autotuning: 
E0926 11:12:56.889000 1505596 .venv/lib/python3.13/site-packages/torch/_inductor/select_algorithm.py:3924] [0/0] No valid triton configs. OutOfMemoryError: out of resource: triton_mm Required: 147456 Hardware limit:101376 Reducing block sizes or `num_stages` may help.. 
E0926 11:12:56.889000 1505596 .venv/lib/python3.13/site-packages/torch/_inductor/select_algorithm.py:3924] [0/0] Ignoring this choice.
E0926 11:12:57.024000 1505596 .venv/lib/python3.13/site-packages/torch/_inductor/select_algorithm.py:3924] [0/0] Runtime error during autotuning: 
E0926 11:12:57.024000 1505596 .venv/lib/python3.13/site-packages/torch/_inductor/select_algorithm.py:3924] [0/0] No valid triton configs. OutOfMemoryError: out of resource: triton_mm Required: 131072 Hardware limit:101376 Reducing block sizes or `num_stages` may help.. 
E0926 11:12:57.024000 1505596 .venv/lib/python3.13/site-packages/torch/_inductor/select_algorithm.py:3924] [0/0] Ignoring this choice.
E0926 11:12:57.028000 1505596 .venv/lib/python3.13/site-packages/torch/_inductor/select_algorithm.py:3924] [0/0] Runtime error during autotuning: 
E0926 11:12:57.028000 1505596 .venv/lib/python3.13/site-packages/torch/_inductor/select_algorithm.py:3924] [0/0] No valid triton configs. OutOfMemoryError: out of resource: triton_mm Required: 196608 Hardware limit:101376 Reducing block sizes or `num_stages` may help.. 
E0926 11:12:57.028000 1505596 .venv/lib/python3.13/site-packages/torch/_inductor/select_algorithm.py:3924] [0/0] Ignoring this choice.
Autotune Choices Stats:
{"num_choices": 21, "num_triton_choices": 20, "best_kernel": "mm", "best_time": 0.016416000202298164, "best_triton_pos": 1, "best_triton_time": 0.01852799952030182, "best_triton_kernel": "triton_mm_76", "best_triton_kernel_desc": "ACC_TYPE='tl.float32', ALLOW_TF32=False, BLOCK_K=128, BLOCK_M=64, BLOCK_N=32, EVEN_K=True, GROUP_M=8, USE_FAST_ACCUM=False, num_stages=5, num_warps=4"}
AUTOTUNE mm(325x3072, 3072x768)
strides: [3072, 1], [1, 3072]
dtypes: torch.bfloat16, torch.bfloat16
  mm 0.0164 ms 100.0% 
  triton_mm_76 0.0185 ms 88.6% ACC_TYPE='tl.float32', ALLOW_TF32=False, BLOCK_K=128, BLOCK_M=64, BLOCK_N=32, EVEN_K=True, GROUP_M=8, USE_FAST_ACCUM=False, num_stages=5, num_warps=4
  triton_mm_79 0.0268 ms 61.4% ACC_TYPE='tl.float32', ALLOW_TF32=False, BLOCK_K=64, BLOCK_M=64, BLOCK_N=64, EVEN_K=True, GROUP_M=8, USE_FAST_ACCUM=False, num_stages=3, num_warps=8
  triton_mm_74 0.0271 ms 60.6% ACC_TYPE='tl.float32', ALLOW_TF32=False, BLOCK_K=32, BLOCK_M=32, BLOCK_N=64, EVEN_K=True, GROUP_M=8, USE_FAST_ACCUM=False, num_stages=5, num_warps=8
  triton_mm_73 0.0282 ms 58.2% ACC_TYPE='tl.float32', ALLOW_TF32=False, BLOCK_K=128, BLOCK_M=32, BLOCK_N=32, EVEN_K=True, GROUP_M=8, USE_FAST_ACCUM=False, num_stages=2, num_warps=4
  triton_mm_75 0.0303 ms 54.2% ACC_TYPE='tl.float32', ALLOW_TF32=False, BLOCK_K=32, BLOCK_M=64, BLOCK_N=32, EVEN_K=True, GROUP_M=8, USE_FAST_ACCUM=False, num_stages=5, num_warps=8
  triton_mm_86 0.0347 ms 47.3% ACC_TYPE='tl.float32', ALLOW_TF32=False, BLOCK_K=32, BLOCK_M=128, BLOCK_N=64, EVEN_K=True, GROUP_M=8, USE_FAST_ACCUM=False, num_stages=4, num_warps=8
  triton_mm_82 0.0363 ms 45.2% ACC_TYPE='tl.float32', ALLOW_TF32=False, BLOCK_K=32, BLOCK_M=64, BLOCK_N=128, EVEN_K=True, GROUP_M=8, USE_FAST_ACCUM=False, num_stages=4, num_warps=8
  triton_mm_83 0.0365 ms 44.9% ACC_TYPE='tl.float32', ALLOW_TF32=False, BLOCK_K=64, BLOCK_M=64, BLOCK_N=128, EVEN_K=True, GROUP_M=8, USE_FAST_ACCUM=False, num_stages=3, num_warps=4
  triton_mm_81 0.0454 ms 36.1% ACC_TYPE='tl.float32', ALLOW_TF32=False, BLOCK_K=32, BLOCK_M=64, BLOCK_N=128, EVEN_K=True, GROUP_M=8, USE_FAST_ACCUM=False, num_stages=3, num_warps=4
SingleProcess AUTOTUNE benchmarking takes 0.4478 seconds and 0.0001 seconds precompiling for 21 choices
/home/jeong/Desktop/IPAD/.venv/lib/python3.13/site-packages/torch/profiler/profiler.py:224: UserWarning: Warning: Profiler clears events at the end of each cycle.Only events from the current cycle will be reported.To keep events across cycles, set acc_events=True.
  _warn_once(
{"state": "completed", "phase": "full", "variant": "w4_packed", "mode": "autotune_graph", "samples": 384, "timed_calls": 1152, "timings": {"preprocess_ms": {"mean": 0.5490184772093522, "p50": 0.5214009433984756, "p95": 0.636826129630208, "max": 1.0751229710876942}, "model_ms": {"mean": 1.0929357718446733, "p50": 1.0838794987648726, "p95": 1.1156775406561792, "max": 1.4812769368290901}, "total_ms": {"mean": 1.6419542490540253, "p50": 1.6067224787548184, "p95": 1.8265363876707856, "max": 2.5471728295087814}, "gpu_ms": {"mean": 1.0735369708596005, "p50": 1.0671679973602295, "p95": 1.0948624193668366, "max": 1.4641599655151367}}, "numeric": {"fp32_cls_cosine_mean": 0.15349982989331087, "fp32_cls_max_abs": 0.09831647574901581, "fp32_patch12_cosine_mean": 0.1303013312475135, "fp32_patch12_max_abs": 0.5196976661682129, "bf16_eager_cls_cosine_mean": 0.153583994290481, "bf16_eager_cls_max_abs": 0.09935576468706131, "bf16_eager_patch12_cosine_mean": 0.13042258286926275, "bf16_eager_patch12_max_abs": 0.5140440464019775, "same_eager_cls_cosine_mean": 0.0001397660622994105, "same_eager_cls_max_abs": 0.004276815801858902, "same_eager_patch12_cosine_mean": 0.0002404805252732937, "same_eager_patch12_max_abs": 0.2446262687444687}, "numeric_pass": false, "peak_allocated_mib": 53.8310546875, "peak_reserved_mib": 382.0, "payload_bytes": 48413184, "startup_seconds": 20.216438583098352, "cache_bytes": 73724670, "seconds": 34.895792961120605, "free_gib": 17.84713363647461}
