/home/jeong/Desktop/IPAD/.venv/lib/python3.13/site-packages/timm/models/layers/__init__.py:49: FutureWarning: Importing from timm.models.layers is deprecated, please import via timm.layers
  warnings.warn(f"Importing from {__name__} is deprecated, please import via timm.layers", FutureWarning)
/home/jeong/Desktop/IPAD/cache/dinov2_source/7764ea0f912e53c92e82eb78a2a1631e92725fc8/dinov2/layers/swiglu_ffn.py:51: UserWarning: xFormers is not available (SwiGLU)
  warnings.warn("xFormers is not available (SwiGLU)")
/home/jeong/Desktop/IPAD/cache/dinov2_source/7764ea0f912e53c92e82eb78a2a1631e92725fc8/dinov2/layers/attention.py:33: UserWarning: xFormers is not available (Attention)
  warnings.warn("xFormers is not available (Attention)")
/home/jeong/Desktop/IPAD/cache/dinov2_source/7764ea0f912e53c92e82eb78a2a1631e92725fc8/dinov2/layers/block.py:40: UserWarning: xFormers is not available (Block)
  warnings.warn("xFormers is not available (Block)")
/home/jeong/Desktop/IPAD/cache/quantization/torchao017/torchao/dtypes/utils.py:89: UserWarning: Deprecation: PlainLayout is deprecated and will be removed in a future release of torchao, see https://github.com/pytorch/ao/issues/2752 for more details
  warnings.warn(
W0926 11:06:08.763000 1500390 .venv/lib/python3.13/site-packages/torch/_inductor/scheduler.py:3820] [0/0] Layout conflict detected for buf25: template expects FixedLayout('cuda:0', torch.int8, size=[768, 2304], stride=[2304, 1]) but layout is frozen to FixedLayout('cuda:0', torch.int8, size=[768, 2304], stride=[1, 768])
W0926 11:06:08.763000 1500390 .venv/lib/python3.13/site-packages/torch/_inductor/scheduler.py:3820] [0/0] Layout conflict detected for buf80: template expects FixedLayout('cuda:0', torch.int8, size=[768, 2304], stride=[2304, 1]) but layout is frozen to FixedLayout('cuda:0', torch.int8, size=[768, 2304], stride=[1, 768])
W0926 11:06:08.764000 1500390 .venv/lib/python3.13/site-packages/torch/_inductor/scheduler.py:3820] [0/0] Layout conflict detected for buf135: template expects FixedLayout('cuda:0', torch.int8, size=[768, 2304], stride=[2304, 1]) but layout is frozen to FixedLayout('cuda:0', torch.int8, size=[768, 2304], stride=[1, 768])
W0926 11:06:08.764000 1500390 .venv/lib/python3.13/site-packages/torch/_inductor/scheduler.py:3820] [0/0] Layout conflict detected for buf190: template expects FixedLayout('cuda:0', torch.int8, size=[768, 2304], stride=[2304, 1]) but layout is frozen to FixedLayout('cuda:0', torch.int8, size=[768, 2304], stride=[1, 768])
W0926 11:06:08.765000 1500390 .venv/lib/python3.13/site-packages/torch/_inductor/scheduler.py:3820] [0/0] Layout conflict detected for buf245: template expects FixedLayout('cuda:0', torch.int8, size=[768, 2304], stride=[2304, 1]) but layout is frozen to FixedLayout('cuda:0', torch.int8, size=[768, 2304], stride=[1, 768])
W0926 11:06:08.765000 1500390 .venv/lib/python3.13/site-packages/torch/_inductor/scheduler.py:3820] [0/0] Layout conflict detected for buf300: template expects FixedLayout('cuda:0', torch.int8, size=[768, 2304], stride=[2304, 1]) but layout is frozen to FixedLayout('cuda:0', torch.int8, size=[768, 2304], stride=[1, 768])
W0926 11:06:08.765000 1500390 .venv/lib/python3.13/site-packages/torch/_inductor/scheduler.py:3820] [0/0] Layout conflict detected for buf355: template expects FixedLayout('cuda:0', torch.int8, size=[768, 2304], stride=[2304, 1]) but layout is frozen to FixedLayout('cuda:0', torch.int8, size=[768, 2304], stride=[1, 768])
W0926 11:06:08.766000 1500390 .venv/lib/python3.13/site-packages/torch/_inductor/scheduler.py:3820] [0/0] Layout conflict detected for buf410: template expects FixedLayout('cuda:0', torch.int8, size=[768, 2304], stride=[2304, 1]) but layout is frozen to FixedLayout('cuda:0', torch.int8, size=[768, 2304], stride=[1, 768])
W0926 11:06:08.766000 1500390 .venv/lib/python3.13/site-packages/torch/_inductor/scheduler.py:3820] [0/0] Layout conflict detected for buf465: template expects FixedLayout('cuda:0', torch.int8, size=[768, 2304], stride=[2304, 1]) but layout is frozen to FixedLayout('cuda:0', torch.int8, size=[768, 2304], stride=[1, 768])
W0926 11:06:08.767000 1500390 .venv/lib/python3.13/site-packages/torch/_inductor/scheduler.py:3820] [0/0] Layout conflict detected for buf520: template expects FixedLayout('cuda:0', torch.int8, size=[768, 2304], stride=[2304, 1]) but layout is frozen to FixedLayout('cuda:0', torch.int8, size=[768, 2304], stride=[1, 768])
W0926 11:06:08.767000 1500390 .venv/lib/python3.13/site-packages/torch/_inductor/scheduler.py:3820] [0/0] Layout conflict detected for buf575: template expects FixedLayout('cuda:0', torch.int8, size=[768, 2304], stride=[2304, 1]) but layout is frozen to FixedLayout('cuda:0', torch.int8, size=[768, 2304], stride=[1, 768])
W0926 11:06:08.768000 1500390 .venv/lib/python3.13/site-packages/torch/_inductor/scheduler.py:3820] [0/0] Layout conflict detected for buf630: template expects FixedLayout('cuda:0', torch.int8, size=[768, 2304], stride=[2304, 1]) but layout is frozen to FixedLayout('cuda:0', torch.int8, size=[768, 2304], stride=[1, 768])
W0926 11:06:08.886000 1500390 .venv/lib/python3.13/site-packages/torch/_inductor/scheduler.py:3820] [0/0] Layout conflict detected for buf25: template expects FixedLayout('cuda:0', torch.int8, size=[768, 2304], stride=[2304, 1]) but layout is frozen to FixedLayout('cuda:0', torch.int8, size=[768, 2304], stride=[1, 768])
W0926 11:06:08.886000 1500390 .venv/lib/python3.13/site-packages/torch/_inductor/scheduler.py:3820] [0/0] Layout conflict detected for buf80: template expects FixedLayout('cuda:0', torch.int8, size=[768, 2304], stride=[2304, 1]) but layout is frozen to FixedLayout('cuda:0', torch.int8, size=[768, 2304], stride=[1, 768])
W0926 11:06:08.886000 1500390 .venv/lib/python3.13/site-packages/torch/_inductor/scheduler.py:3820] [0/0] Layout conflict detected for buf135: template expects FixedLayout('cuda:0', torch.int8, size=[768, 2304], stride=[2304, 1]) but layout is frozen to FixedLayout('cuda:0', torch.int8, size=[768, 2304], stride=[1, 768])
W0926 11:06:08.887000 1500390 .venv/lib/python3.13/site-packages/torch/_inductor/scheduler.py:3820] [0/0] Layout conflict detected for buf190: template expects FixedLayout('cuda:0', torch.int8, size=[768, 2304], stride=[2304, 1]) but layout is frozen to FixedLayout('cuda:0', torch.int8, size=[768, 2304], stride=[1, 768])
W0926 11:06:08.887000 1500390 .venv/lib/python3.13/site-packages/torch/_inductor/scheduler.py:3820] [0/0] Layout conflict detected for buf245: template expects FixedLayout('cuda:0', torch.int8, size=[768, 2304], stride=[2304, 1]) but layout is frozen to FixedLayout('cuda:0', torch.int8, size=[768, 2304], stride=[1, 768])
W0926 11:06:08.887000 1500390 .venv/lib/python3.13/site-packages/torch/_inductor/scheduler.py:3820] [0/0] Layout conflict detected for buf300: template expects FixedLayout('cuda:0', torch.int8, size=[768, 2304], stride=[2304, 1]) but layout is frozen to FixedLayout('cuda:0', torch.int8, size=[768, 2304], stride=[1, 768])
W0926 11:06:08.888000 1500390 .venv/lib/python3.13/site-packages/torch/_inductor/scheduler.py:3820] [0/0] Layout conflict detected for buf355: template expects FixedLayout('cuda:0', torch.int8, size=[768, 2304], stride=[2304, 1]) but layout is frozen to FixedLayout('cuda:0', torch.int8, size=[768, 2304], stride=[1, 768])
W0926 11:06:08.888000 1500390 .venv/lib/python3.13/site-packages/torch/_inductor/scheduler.py:3820] [0/0] Layout conflict detected for buf410: template expects FixedLayout('cuda:0', torch.int8, size=[768, 2304], stride=[2304, 1]) but layout is frozen to FixedLayout('cuda:0', torch.int8, size=[768, 2304], stride=[1, 768])
W0926 11:06:08.889000 1500390 .venv/lib/python3.13/site-packages/torch/_inductor/scheduler.py:3820] [0/0] Layout conflict detected for buf465: template expects FixedLayout('cuda:0', torch.int8, size=[768, 2304], stride=[2304, 1]) but layout is frozen to FixedLayout('cuda:0', torch.int8, size=[768, 2304], stride=[1, 768])
W0926 11:06:08.889000 1500390 .venv/lib/python3.13/site-packages/torch/_inductor/scheduler.py:3820] [0/0] Layout conflict detected for buf520: template expects FixedLayout('cuda:0', torch.int8, size=[768, 2304], stride=[2304, 1]) but layout is frozen to FixedLayout('cuda:0', torch.int8, size=[768, 2304], stride=[1, 768])
W0926 11:06:08.890000 1500390 .venv/lib/python3.13/site-packages/torch/_inductor/scheduler.py:3820] [0/0] Layout conflict detected for buf575: template expects FixedLayout('cuda:0', torch.int8, size=[768, 2304], stride=[2304, 1]) but layout is frozen to FixedLayout('cuda:0', torch.int8, size=[768, 2304], stride=[1, 768])
W0926 11:06:08.890000 1500390 .venv/lib/python3.13/site-packages/torch/_inductor/scheduler.py:3820] [0/0] Layout conflict detected for buf630: template expects FixedLayout('cuda:0', torch.int8, size=[768, 2304], stride=[2304, 1]) but layout is frozen to FixedLayout('cuda:0', torch.int8, size=[768, 2304], stride=[1, 768])
W0926 11:06:08.919000 1500390 .venv/lib/python3.13/site-packages/torch/_inductor/scheduler.py:3820] [0/0] Layout conflict detected for buf25: template expects FixedLayout('cuda:0', torch.int8, size=[768, 2304], stride=[2304, 1]) but layout is frozen to FixedLayout('cuda:0', torch.int8, size=[768, 2304], stride=[1, 768])
W0926 11:06:08.919000 1500390 .venv/lib/python3.13/site-packages/torch/_inductor/scheduler.py:3820] [0/0] Layout conflict detected for buf80: template expects FixedLayout('cuda:0', torch.int8, size=[768, 2304], stride=[2304, 1]) but layout is frozen to FixedLayout('cuda:0', torch.int8, size=[768, 2304], stride=[1, 768])
W0926 11:06:08.920000 1500390 .venv/lib/python3.13/site-packages/torch/_inductor/scheduler.py:3820] [0/0] Layout conflict detected for buf135: template expects FixedLayout('cuda:0', torch.int8, size=[768, 2304], stride=[2304, 1]) but layout is frozen to FixedLayout('cuda:0', torch.int8, size=[768, 2304], stride=[1, 768])
W0926 11:06:08.920000 1500390 .venv/lib/python3.13/site-packages/torch/_inductor/scheduler.py:3820] [0/0] Layout conflict detected for buf190: template expects FixedLayout('cuda:0', torch.int8, size=[768, 2304], stride=[2304, 1]) but layout is frozen to FixedLayout('cuda:0', torch.int8, size=[768, 2304], stride=[1, 768])
W0926 11:06:08.920000 1500390 .venv/lib/python3.13/site-packages/torch/_inductor/scheduler.py:3820] [0/0] Layout conflict detected for buf245: template expects FixedLayout('cuda:0', torch.int8, size=[768, 2304], stride=[2304, 1]) but layout is frozen to FixedLayout('cuda:0', torch.int8, size=[768, 2304], stride=[1, 768])
W0926 11:06:08.921000 1500390 .venv/lib/python3.13/site-packages/torch/_inductor/scheduler.py:3820] [0/0] Layout conflict detected for buf300: template expects FixedLayout('cuda:0', torch.int8, size=[768, 2304], stride=[2304, 1]) but layout is frozen to FixedLayout('cuda:0', torch.int8, size=[768, 2304], stride=[1, 768])
W0926 11:06:08.921000 1500390 .venv/lib/python3.13/site-packages/torch/_inductor/scheduler.py:3820] [0/0] Layout conflict detected for buf355: template expects FixedLayout('cuda:0', torch.int8, size=[768, 2304], stride=[2304, 1]) but layout is frozen to FixedLayout('cuda:0', torch.int8, size=[768, 2304], stride=[1, 768])
W0926 11:06:08.922000 1500390 .venv/lib/python3.13/site-packages/torch/_inductor/scheduler.py:3820] [0/0] Layout conflict detected for buf410: template expects FixedLayout('cuda:0', torch.int8, size=[768, 2304], stride=[2304, 1]) but layout is frozen to FixedLayout('cuda:0', torch.int8, size=[768, 2304], stride=[1, 768])
W0926 11:06:08.922000 1500390 .venv/lib/python3.13/site-packages/torch/_inductor/scheduler.py:3820] [0/0] Layout conflict detected for buf465: template expects FixedLayout('cuda:0', torch.int8, size=[768, 2304], stride=[2304, 1]) but layout is frozen to FixedLayout('cuda:0', torch.int8, size=[768, 2304], stride=[1, 768])
W0926 11:06:08.922000 1500390 .venv/lib/python3.13/site-packages/torch/_inductor/scheduler.py:3820] [0/0] Layout conflict detected for buf520: template expects FixedLayout('cuda:0', torch.int8, size=[768, 2304], stride=[2304, 1]) but layout is frozen to FixedLayout('cuda:0', torch.int8, size=[768, 2304], stride=[1, 768])
W0926 11:06:08.923000 1500390 .venv/lib/python3.13/site-packages/torch/_inductor/scheduler.py:3820] [0/0] Layout conflict detected for buf575: template expects FixedLayout('cuda:0', torch.int8, size=[768, 2304], stride=[2304, 1]) but layout is frozen to FixedLayout('cuda:0', torch.int8, size=[768, 2304], stride=[1, 768])
W0926 11:06:08.923000 1500390 .venv/lib/python3.13/site-packages/torch/_inductor/scheduler.py:3820] [0/0] Layout conflict detected for buf630: template expects FixedLayout('cuda:0', torch.int8, size=[768, 2304], stride=[2304, 1]) but layout is frozen to FixedLayout('cuda:0', torch.int8, size=[768, 2304], stride=[1, 768])
W0926 11:06:08.976000 1500390 .venv/lib/python3.13/site-packages/torch/_inductor/scheduler.py:3820] [0/0] Layout conflict detected for buf25: template expects FixedLayout('cuda:0', torch.int8, size=[768, 2304], stride=[2304, 1]) but layout is frozen to FixedLayout('cuda:0', torch.int8, size=[768, 2304], stride=[1, 768])
W0926 11:06:08.977000 1500390 .venv/lib/python3.13/site-packages/torch/_inductor/scheduler.py:3820] [0/0] Layout conflict detected for buf80: template expects FixedLayout('cuda:0', torch.int8, size=[768, 2304], stride=[2304, 1]) but layout is frozen to FixedLayout('cuda:0', torch.int8, size=[768, 2304], stride=[1, 768])
W0926 11:06:08.977000 1500390 .venv/lib/python3.13/site-packages/torch/_inductor/scheduler.py:3820] [0/0] Layout conflict detected for buf135: template expects FixedLayout('cuda:0', torch.int8, size=[768, 2304], stride=[2304, 1]) but layout is frozen to FixedLayout('cuda:0', torch.int8, size=[768, 2304], stride=[1, 768])
W0926 11:06:08.978000 1500390 .venv/lib/python3.13/site-packages/torch/_inductor/scheduler.py:3820] [0/0] Layout conflict detected for buf190: template expects FixedLayout('cuda:0', torch.int8, size=[768, 2304], stride=[2304, 1]) but layout is frozen to FixedLayout('cuda:0', torch.int8, size=[768, 2304], stride=[1, 768])
W0926 11:06:08.978000 1500390 .venv/lib/python3.13/site-packages/torch/_inductor/scheduler.py:3820] [0/0] Layout conflict detected for buf245: template expects FixedLayout('cuda:0', torch.int8, size=[768, 2304], stride=[2304, 1]) but layout is frozen to FixedLayout('cuda:0', torch.int8, size=[768, 2304], stride=[1, 768])
W0926 11:06:08.978000 1500390 .venv/lib/python3.13/site-packages/torch/_inductor/scheduler.py:3820] [0/0] Layout conflict detected for buf300: template expects FixedLayout('cuda:0', torch.int8, size=[768, 2304], stride=[2304, 1]) but layout is frozen to FixedLayout('cuda:0', torch.int8, size=[768, 2304], stride=[1, 768])
W0926 11:06:08.979000 1500390 .venv/lib/python3.13/site-packages/torch/_inductor/scheduler.py:3820] [0/0] Layout conflict detected for buf355: template expects FixedLayout('cuda:0', torch.int8, size=[768, 2304], stride=[2304, 1]) but layout is frozen to FixedLayout('cuda:0', torch.int8, size=[768, 2304], stride=[1, 768])
W0926 11:06:08.979000 1500390 .venv/lib/python3.13/site-packages/torch/_inductor/scheduler.py:3820] [0/0] Layout conflict detected for buf410: template expects FixedLayout('cuda:0', torch.int8, size=[768, 2304], stride=[2304, 1]) but layout is frozen to FixedLayout('cuda:0', torch.int8, size=[768, 2304], stride=[1, 768])
W0926 11:06:08.979000 1500390 .venv/lib/python3.13/site-packages/torch/_inductor/scheduler.py:3820] [0/0] Layout conflict detected for buf465: template expects FixedLayout('cuda:0', torch.int8, size=[768, 2304], stride=[2304, 1]) but layout is frozen to FixedLayout('cuda:0', torch.int8, size=[768, 2304], stride=[1, 768])
W0926 11:06:08.980000 1500390 .venv/lib/python3.13/site-packages/torch/_inductor/scheduler.py:3820] [0/0] Layout conflict detected for buf520: template expects FixedLayout('cuda:0', torch.int8, size=[768, 2304], stride=[2304, 1]) but layout is frozen to FixedLayout('cuda:0', torch.int8, size=[768, 2304], stride=[1, 768])
W0926 11:06:08.980000 1500390 .venv/lib/python3.13/site-packages/torch/_inductor/scheduler.py:3820] [0/0] Layout conflict detected for buf575: template expects FixedLayout('cuda:0', torch.int8, size=[768, 2304], stride=[2304, 1]) but layout is frozen to FixedLayout('cuda:0', torch.int8, size=[768, 2304], stride=[1, 768])
W0926 11:06:08.981000 1500390 .venv/lib/python3.13/site-packages/torch/_inductor/scheduler.py:3820] [0/0] Layout conflict detected for buf630: template expects FixedLayout('cuda:0', torch.int8, size=[768, 2304], stride=[2304, 1]) but layout is frozen to FixedLayout('cuda:0', torch.int8, size=[768, 2304], stride=[1, 768])
/home/jeong/Desktop/IPAD/.venv/lib/python3.13/site-packages/torch/_inductor/select_algorithm.py:3686: UserWarning: TypedStorage is deprecated. It will be removed in the future and UntypedStorage will be the only storage class. This should only matter to you if you are using storages directly.  To access UntypedStorage directly, use tensor.untyped_storage() instead of tensor.storage()
  current_out_size = out_base.storage().size()
Autotune Choices Stats:
{"num_choices": 13, "num_triton_choices": 12, "best_kernel": "convolution", "best_time": 0.06400000303983688, "best_triton_pos": 1, "best_triton_time": 0.10409600287675858, "best_triton_kernel": "triton_convolution2d_8", "best_triton_kernel_desc": "ALLOW_TF32=False, BLOCK_K=16, BLOCK_M=64, BLOCK_N=128, GROUPS=1, KERNEL_H=14, KERNEL_W=14, PADDING_H=0, PADDING_W=0, STRIDE_H=14, STRIDE_W=14, UNROLL=False, num_stages=4, num_warps=4"}
AUTOTUNE convolution(1x3x252x252, 768x3x14x14)
strides: [190512, 63504, 252, 1], [588, 196, 14, 1]
dtypes: torch.bfloat16, torch.bfloat16
  convolution 0.0640 ms 100.0% 
  triton_convolution2d_8 0.1041 ms 61.5% ALLOW_TF32=False, BLOCK_K=16, BLOCK_M=64, BLOCK_N=128, GROUPS=1, KERNEL_H=14, KERNEL_W=14, PADDING_H=0, PADDING_W=0, STRIDE_H=14, STRIDE_W=14, UNROLL=False, num_stages=4, num_warps=4
  triton_convolution2d_4 0.1307 ms 49.0% ALLOW_TF32=False, BLOCK_K=16, BLOCK_M=64, BLOCK_N=64, GROUPS=1, KERNEL_H=14, KERNEL_W=14, PADDING_H=0, PADDING_W=0, STRIDE_H=14, STRIDE_W=14, UNROLL=False, num_stages=2, num_warps=4
  triton_convolution2d_9 0.1411 ms 45.4% ALLOW_TF32=False, BLOCK_K=16, BLOCK_M=128, BLOCK_N=64, GROUPS=1, KERNEL_H=14, KERNEL_W=14, PADDING_H=0, PADDING_W=0, STRIDE_H=14, STRIDE_W=14, UNROLL=False, num_stages=4, num_warps=4
  triton_convolution2d_1 0.1412 ms 45.3% ALLOW_TF32=False, BLOCK_K=16, BLOCK_M=256, BLOCK_N=64, GROUPS=1, KERNEL_H=14, KERNEL_W=14, PADDING_H=0, PADDING_W=0, STRIDE_H=14, STRIDE_W=14, UNROLL=False, num_stages=2, num_warps=4
  triton_convolution2d_5 0.1613 ms 39.7% ALLOW_TF32=False, BLOCK_K=16, BLOCK_M=64, BLOCK_N=256, GROUPS=1, KERNEL_H=14, KERNEL_W=14, PADDING_H=0, PADDING_W=0, STRIDE_H=14, STRIDE_W=14, UNROLL=False, num_stages=2, num_warps=8
  triton_convolution2d_6 0.1760 ms 36.4% ALLOW_TF32=False, BLOCK_K=16, BLOCK_M=256, BLOCK_N=64, GROUPS=1, KERNEL_H=14, KERNEL_W=14, PADDING_H=0, PADDING_W=0, STRIDE_H=14, STRIDE_W=14, UNROLL=False, num_stages=2, num_warps=8
  triton_convolution2d_2 0.1870 ms 34.2% ALLOW_TF32=False, BLOCK_K=16, BLOCK_M=1024, BLOCK_N=16, GROUPS=1, KERNEL_H=14, KERNEL_W=14, PADDING_H=0, PADDING_W=0, STRIDE_H=14, STRIDE_W=14, UNROLL=False, num_stages=1, num_warps=8
  triton_convolution2d_10 0.1889 ms 33.9% ALLOW_TF32=False, BLOCK_K=16, BLOCK_M=256, BLOCK_N=128, GROUPS=1, KERNEL_H=14, KERNEL_W=14, PADDING_H=0, PADDING_W=0, STRIDE_H=14, STRIDE_W=14, UNROLL=False, num_stages=2, num_warps=8
  triton_convolution2d_3 0.2088 ms 30.7% ALLOW_TF32=False, BLOCK_K=16, BLOCK_M=128, BLOCK_N=128, GROUPS=1, KERNEL_H=14, KERNEL_W=14, PADDING_H=0, PADDING_W=0, STRIDE_H=14, STRIDE_W=14, UNROLL=False, num_stages=2, num_warps=8
SingleProcess AUTOTUNE benchmarking takes 0.5294 seconds and 0.0002 seconds precompiling for 13 choices
Autotune Choices Stats:
{"num_choices": 12, "num_triton_choices": 11, "best_kernel": "_int_mm", "best_time": 0.00863999966531992, "best_triton_pos": 1, "best_triton_time": 0.014399999752640724, "best_triton_kernel": "triton_mm_14", "best_triton_kernel_desc": "ACC_TYPE='tl.int32', ALLOW_TF32=False, BLOCK_K=32, BLOCK_M=128, BLOCK_N=64, EVEN_K=True, GROUP_M=8, USE_FAST_ACCUM=False, num_stages=3, num_warps=4"}
AUTOTUNE int_mm(325x768, 768x2304)
strides: [768, 1], [1, 768]
dtypes: torch.int8, torch.int8
  _int_mm 0.0086 ms 100.0% 
  triton_mm_14 0.0144 ms 60.0% ACC_TYPE='tl.int32', ALLOW_TF32=False, BLOCK_K=32, BLOCK_M=128, BLOCK_N=64, EVEN_K=True, GROUP_M=8, USE_FAST_ACCUM=False, num_stages=3, num_warps=4
  triton_mm_20 0.0144 ms 59.9% ACC_TYPE='tl.int32', ALLOW_TF32=False, BLOCK_K=64, BLOCK_M=64, BLOCK_N=64, EVEN_K=True, GROUP_M=8, USE_FAST_ACCUM=False, num_stages=3, num_warps=8
  triton_mm_15 0.0157 ms 55.1% ACC_TYPE='tl.int32', ALLOW_TF32=False, BLOCK_K=32, BLOCK_M=64, BLOCK_N=128, EVEN_K=True, GROUP_M=8, USE_FAST_ACCUM=False, num_stages=4, num_warps=8
  triton_mm_13 0.0164 ms 52.7% ACC_TYPE='tl.int32', ALLOW_TF32=False, BLOCK_K=32, BLOCK_M=64, BLOCK_N=128, EVEN_K=True, GROUP_M=8, USE_FAST_ACCUM=False, num_stages=3, num_warps=4
  triton_mm_16 0.0164 ms 52.7% ACC_TYPE='tl.int32', ALLOW_TF32=False, BLOCK_K=32, BLOCK_M=128, BLOCK_N=64, EVEN_K=True, GROUP_M=8, USE_FAST_ACCUM=False, num_stages=4, num_warps=8
  triton_mm_18 0.0201 ms 43.0% ACC_TYPE='tl.int32', ALLOW_TF32=False, BLOCK_K=32, BLOCK_M=32, BLOCK_N=64, EVEN_K=True, GROUP_M=8, USE_FAST_ACCUM=False, num_stages=5, num_warps=8
  triton_mm_22 0.0221 ms 39.0% ACC_TYPE='tl.int32', ALLOW_TF32=False, BLOCK_K=128, BLOCK_M=256, BLOCK_N=128, EVEN_K=True, GROUP_M=8, USE_FAST_ACCUM=False, num_stages=3, num_warps=8
  triton_mm_12 0.0224 ms 38.5% ACC_TYPE='tl.int32', ALLOW_TF32=False, BLOCK_K=32, BLOCK_M=64, BLOCK_N=64, EVEN_K=True, GROUP_M=8, USE_FAST_ACCUM=False, num_stages=2, num_warps=4
  triton_mm_17 0.0225 ms 38.4% ACC_TYPE='tl.int32', ALLOW_TF32=False, BLOCK_K=32, BLOCK_M=64, BLOCK_N=32, EVEN_K=True, GROUP_M=8, USE_FAST_ACCUM=False, num_stages=5, num_warps=8
SingleProcess AUTOTUNE benchmarking takes 0.2812 seconds and 0.0001 seconds precompiling for 12 choices
Autotune Choices Stats:
{"num_choices": 12, "num_triton_choices": 11, "best_kernel": "_int_mm", "best_time": 0.006240000016987324, "best_triton_pos": 1, "best_triton_time": 0.009855999611318111, "best_triton_kernel": "triton_mm_29", "best_triton_kernel_desc": "ACC_TYPE='tl.int32', ALLOW_TF32=False, BLOCK_K=32, BLOCK_M=32, BLOCK_N=64, EVEN_K=True, GROUP_M=8, USE_FAST_ACCUM=False, num_stages=5, num_warps=8"}
AUTOTUNE int_mm(325x768, 768x768)
strides: [768, 1], [1, 768]
dtypes: torch.int8, torch.int8
  _int_mm 0.0062 ms 100.0% 
  triton_mm_29 0.0099 ms 63.3% ACC_TYPE='tl.int32', ALLOW_TF32=False, BLOCK_K=32, BLOCK_M=32, BLOCK_N=64, EVEN_K=True, GROUP_M=8, USE_FAST_ACCUM=False, num_stages=5, num_warps=8
  triton_mm_28 0.0118 ms 53.0% ACC_TYPE='tl.int32', ALLOW_TF32=False, BLOCK_K=32, BLOCK_M=64, BLOCK_N=32, EVEN_K=True, GROUP_M=8, USE_FAST_ACCUM=False, num_stages=5, num_warps=8
  triton_mm_31 0.0118 ms 53.0% ACC_TYPE='tl.int32', ALLOW_TF32=False, BLOCK_K=64, BLOCK_M=64, BLOCK_N=64, EVEN_K=True, GROUP_M=8, USE_FAST_ACCUM=False, num_stages=3, num_warps=8
  triton_mm_26 0.0143 ms 43.5% ACC_TYPE='tl.int32', ALLOW_TF32=False, BLOCK_K=32, BLOCK_M=64, BLOCK_N=128, EVEN_K=True, GROUP_M=8, USE_FAST_ACCUM=False, num_stages=4, num_warps=8
  triton_mm_27 0.0156 ms 40.0% ACC_TYPE='tl.int32', ALLOW_TF32=False, BLOCK_K=32, BLOCK_M=128, BLOCK_N=64, EVEN_K=True, GROUP_M=8, USE_FAST_ACCUM=False, num_stages=4, num_warps=8
  triton_mm_24 0.0157 ms 39.7% ACC_TYPE='tl.int32', ALLOW_TF32=False, BLOCK_K=32, BLOCK_M=64, BLOCK_N=128, EVEN_K=True, GROUP_M=8, USE_FAST_ACCUM=False, num_stages=3, num_warps=4
  triton_mm_25 0.0158 ms 39.4% ACC_TYPE='tl.int32', ALLOW_TF32=False, BLOCK_K=32, BLOCK_M=128, BLOCK_N=64, EVEN_K=True, GROUP_M=8, USE_FAST_ACCUM=False, num_stages=3, num_warps=4
  triton_mm_23 0.0202 ms 30.9% ACC_TYPE='tl.int32', ALLOW_TF32=False, BLOCK_K=32, BLOCK_M=64, BLOCK_N=64, EVEN_K=True, GROUP_M=8, USE_FAST_ACCUM=False, num_stages=2, num_warps=4
  triton_mm_33 0.0221 ms 28.2% ACC_TYPE='tl.int32', ALLOW_TF32=False, BLOCK_K=128, BLOCK_M=256, BLOCK_N=128, EVEN_K=True, GROUP_M=8, USE_FAST_ACCUM=False, num_stages=3, num_warps=8
SingleProcess AUTOTUNE benchmarking takes 0.2722 seconds and 0.0001 seconds precompiling for 12 choices
Autotune Choices Stats:
{"num_choices": 12, "num_triton_choices": 11, "best_kernel": "_int_mm", "best_time": 0.008991999551653862, "best_triton_pos": 1, "best_triton_time": 0.01583999954164028, "best_triton_kernel": "triton_mm_37", "best_triton_kernel_desc": "ACC_TYPE='tl.int32', ALLOW_TF32=False, BLOCK_K=32, BLOCK_M=64, BLOCK_N=128, EVEN_K=True, GROUP_M=8, USE_FAST_ACCUM=False, num_stages=4, num_warps=8"}
AUTOTUNE int_mm(325x768, 768x3072)
strides: [768, 1], [1, 768]
dtypes: torch.int8, torch.int8
  _int_mm 0.0090 ms 100.0% 
  triton_mm_37 0.0158 ms 56.8% ACC_TYPE='tl.int32', ALLOW_TF32=False, BLOCK_K=32, BLOCK_M=64, BLOCK_N=128, EVEN_K=True, GROUP_M=8, USE_FAST_ACCUM=False, num_stages=4, num_warps=8
  triton_mm_42 0.0158 ms 56.8% ACC_TYPE='tl.int32', ALLOW_TF32=False, BLOCK_K=64, BLOCK_M=64, BLOCK_N=64, EVEN_K=True, GROUP_M=8, USE_FAST_ACCUM=False, num_stages=3, num_warps=8
  triton_mm_38 0.0160 ms 56.2% ACC_TYPE='tl.int32', ALLOW_TF32=False, BLOCK_K=32, BLOCK_M=128, BLOCK_N=64, EVEN_K=True, GROUP_M=8, USE_FAST_ACCUM=False, num_stages=4, num_warps=8
  triton_mm_35 0.0180 ms 49.9% ACC_TYPE='tl.int32', ALLOW_TF32=False, BLOCK_K=32, BLOCK_M=64, BLOCK_N=128, EVEN_K=True, GROUP_M=8, USE_FAST_ACCUM=False, num_stages=3, num_warps=4
  triton_mm_36 0.0180 ms 49.8% ACC_TYPE='tl.int32', ALLOW_TF32=False, BLOCK_K=32, BLOCK_M=128, BLOCK_N=64, EVEN_K=True, GROUP_M=8, USE_FAST_ACCUM=False, num_stages=3, num_warps=4
  triton_mm_34 0.0206 ms 43.6% ACC_TYPE='tl.int32', ALLOW_TF32=False, BLOCK_K=32, BLOCK_M=64, BLOCK_N=64, EVEN_K=True, GROUP_M=8, USE_FAST_ACCUM=False, num_stages=2, num_warps=4
  triton_mm_40 0.0219 ms 41.1% ACC_TYPE='tl.int32', ALLOW_TF32=False, BLOCK_K=32, BLOCK_M=32, BLOCK_N=64, EVEN_K=True, GROUP_M=8, USE_FAST_ACCUM=False, num_stages=5, num_warps=8
  triton_mm_44 0.0222 ms 40.5% ACC_TYPE='tl.int32', ALLOW_TF32=False, BLOCK_K=128, BLOCK_M=256, BLOCK_N=128, EVEN_K=True, GROUP_M=8, USE_FAST_ACCUM=False, num_stages=3, num_warps=8
  triton_mm_43 0.0265 ms 33.9% ACC_TYPE='tl.int32', ALLOW_TF32=False, BLOCK_K=128, BLOCK_M=128, BLOCK_N=256, EVEN_K=True, GROUP_M=8, USE_FAST_ACCUM=False, num_stages=3, num_warps=8
SingleProcess AUTOTUNE benchmarking takes 0.2775 seconds and 0.0001 seconds precompiling for 12 choices
Autotune Choices Stats:
{"num_choices": 12, "num_triton_choices": 11, "best_kernel": "_int_mm", "best_time": 0.013856000266969204, "best_triton_pos": 1, "best_triton_time": 0.026208000257611275, "best_triton_kernel": "triton_mm_51", "best_triton_kernel_desc": "ACC_TYPE='tl.int32', ALLOW_TF32=False, BLOCK_K=32, BLOCK_M=32, BLOCK_N=64, EVEN_K=True, GROUP_M=8, USE_FAST_ACCUM=False, num_stages=5, num_warps=8"}
AUTOTUNE int_mm(325x3072, 3072x768)
strides: [3072, 1], [1, 3072]
dtypes: torch.int8, torch.int8
  _int_mm 0.0139 ms 100.0% 
  triton_mm_51 0.0262 ms 52.9% ACC_TYPE='tl.int32', ALLOW_TF32=False, BLOCK_K=32, BLOCK_M=32, BLOCK_N=64, EVEN_K=True, GROUP_M=8, USE_FAST_ACCUM=False, num_stages=5, num_warps=8
  triton_mm_53 0.0302 ms 45.9% ACC_TYPE='tl.int32', ALLOW_TF32=False, BLOCK_K=64, BLOCK_M=64, BLOCK_N=64, EVEN_K=True, GROUP_M=8, USE_FAST_ACCUM=False, num_stages=3, num_warps=8
  triton_mm_50 0.0324 ms 42.8% ACC_TYPE='tl.int32', ALLOW_TF32=False, BLOCK_K=32, BLOCK_M=64, BLOCK_N=32, EVEN_K=True, GROUP_M=8, USE_FAST_ACCUM=False, num_stages=5, num_warps=8
  triton_mm_47 0.0446 ms 31.1% ACC_TYPE='tl.int32', ALLOW_TF32=False, BLOCK_K=32, BLOCK_M=128, BLOCK_N=64, EVEN_K=True, GROUP_M=8, USE_FAST_ACCUM=False, num_stages=3, num_warps=4
  triton_mm_49 0.0447 ms 31.0% ACC_TYPE='tl.int32', ALLOW_TF32=False, BLOCK_K=32, BLOCK_M=128, BLOCK_N=64, EVEN_K=True, GROUP_M=8, USE_FAST_ACCUM=False, num_stages=4, num_warps=8
  triton_mm_46 0.0449 ms 30.9% ACC_TYPE='tl.int32', ALLOW_TF32=False, BLOCK_K=32, BLOCK_M=64, BLOCK_N=128, EVEN_K=True, GROUP_M=8, USE_FAST_ACCUM=False, num_stages=3, num_warps=4
  triton_mm_48 0.0464 ms 29.9% ACC_TYPE='tl.int32', ALLOW_TF32=False, BLOCK_K=32, BLOCK_M=64, BLOCK_N=128, EVEN_K=True, GROUP_M=8, USE_FAST_ACCUM=False, num_stages=4, num_warps=8
  triton_mm_55 0.0662 ms 20.9% ACC_TYPE='tl.int32', ALLOW_TF32=False, BLOCK_K=128, BLOCK_M=256, BLOCK_N=128, EVEN_K=True, GROUP_M=8, USE_FAST_ACCUM=False, num_stages=3, num_warps=8
  triton_mm_45 0.0700 ms 19.8% ACC_TYPE='tl.int32', ALLOW_TF32=False, BLOCK_K=32, BLOCK_M=64, BLOCK_N=64, EVEN_K=True, GROUP_M=8, USE_FAST_ACCUM=False, num_stages=2, num_warps=4
SingleProcess AUTOTUNE benchmarking takes 0.3068 seconds and 0.0001 seconds precompiling for 12 choices
/home/jeong/Desktop/IPAD/.venv/lib/python3.13/site-packages/torch/profiler/profiler.py:224: UserWarning: Warning: Profiler clears events at the end of each cycle.Only events from the current cycle will be reported.To keep events across cycles, set acc_events=True.
  _warn_once(
{"state": "completed", "phase": "pilot", "variant": "w8a8", "mode": "autotune_graph", "samples": 16, "timed_calls": 48, "timings": {"preprocess_ms": {"mean": 0.5578086905491849, "p50": 0.5387869896367192, "p95": 0.6127920700237155, "max": 0.7963459938764572}, "model_ms": {"mean": 1.6202049834343295, "p50": 1.5941796591505408, "p95": 1.7067546024918556, "max": 2.2534430027008057}, "total_ms": {"mean": 2.1780136739835143, "p50": 2.140761585906148, "p95": 2.298142306972295, "max": 3.049788996577263}, "gpu_ms": {"mean": 1.6032573233048122, "p50": 1.5775359869003296, "p95": 1.6898287773132323, "max": 2.2249279022216797}}, "numeric": {"fp32_cls_cosine_mean": 0.004519440233707428, "fp32_cls_max_abs": 0.015955600887537003, "fp32_patch12_cosine_mean": 0.006459900178015232, "fp32_patch12_max_abs": 0.3878774046897888, "bf16_eager_cls_cosine_mean": 0.004418455064296722, "bf16_eager_cls_max_abs": 0.014459561556577682, "bf16_eager_patch12_cosine_mean": 0.006322246190393344, "bf16_eager_patch12_max_abs": 0.3628935217857361, "same_eager_cls_cosine_mean": 0.00425797700881958, "same_eager_cls_max_abs": 0.01590021327137947, "same_eager_patch12_cosine_mean": 0.003434532722167205, "same_eager_patch12_max_abs": 0.33038121461868286}, "numeric_pass": false, "peak_allocated_mib": 94.4208984375, "peak_reserved_mib": 478.0, "payload_bytes": 88475136, "startup_seconds": 21.367788966046646, "cache_bytes": 66936294, "seconds": 25.614097118377686, "free_gib": 18.136341094970703}
