/home/jeong/Desktop/IPAD/.venv/lib/python3.13/site-packages/timm/models/layers/__init__.py:49: FutureWarning: Importing from timm.models.layers is deprecated, please import via timm.layers
  warnings.warn(f"Importing from {__name__} is deprecated, please import via timm.layers", FutureWarning)
/home/jeong/Desktop/IPAD/cache/dinov2_source/7764ea0f912e53c92e82eb78a2a1631e92725fc8/dinov2/layers/swiglu_ffn.py:51: UserWarning: xFormers is not available (SwiGLU)
  warnings.warn("xFormers is not available (SwiGLU)")
/home/jeong/Desktop/IPAD/cache/dinov2_source/7764ea0f912e53c92e82eb78a2a1631e92725fc8/dinov2/layers/attention.py:33: UserWarning: xFormers is not available (Attention)
  warnings.warn("xFormers is not available (Attention)")
/home/jeong/Desktop/IPAD/cache/dinov2_source/7764ea0f912e53c92e82eb78a2a1631e92725fc8/dinov2/layers/block.py:40: UserWarning: xFormers is not available (Block)
  warnings.warn("xFormers is not available (Block)")
W0926 11:04:58.889000 1499002 .venv/lib/python3.13/site-packages/torch/_inductor/scheduler.py:3820] [0/0] Layout conflict detected for buf38: template expects FixedLayout('cuda:0', torch.bfloat16, size=[768, 3072], stride=[3072, 1]) but layout is frozen to FixedLayout('cuda:0', torch.bfloat16, size=[768, 3072], stride=[1, 768])
W0926 11:04:58.890000 1499002 .venv/lib/python3.13/site-packages/torch/_inductor/scheduler.py:3820] [0/0] Layout conflict detected for buf66: template expects FixedLayout('cuda:0', torch.bfloat16, size=[768, 3072], stride=[3072, 1]) but layout is frozen to FixedLayout('cuda:0', torch.bfloat16, size=[768, 3072], stride=[1, 768])
W0926 11:04:58.890000 1499002 .venv/lib/python3.13/site-packages/torch/_inductor/scheduler.py:3820] [0/0] Layout conflict detected for buf94: template expects FixedLayout('cuda:0', torch.bfloat16, size=[768, 3072], stride=[3072, 1]) but layout is frozen to FixedLayout('cuda:0', torch.bfloat16, size=[768, 3072], stride=[1, 768])
W0926 11:04:58.890000 1499002 .venv/lib/python3.13/site-packages/torch/_inductor/scheduler.py:3820] [0/0] Layout conflict detected for buf122: template expects FixedLayout('cuda:0', torch.bfloat16, size=[768, 3072], stride=[3072, 1]) but layout is frozen to FixedLayout('cuda:0', torch.bfloat16, size=[768, 3072], stride=[1, 768])
W0926 11:04:58.891000 1499002 .venv/lib/python3.13/site-packages/torch/_inductor/scheduler.py:3820] [0/0] Layout conflict detected for buf150: template expects FixedLayout('cuda:0', torch.bfloat16, size=[768, 3072], stride=[3072, 1]) but layout is frozen to FixedLayout('cuda:0', torch.bfloat16, size=[768, 3072], stride=[1, 768])
W0926 11:04:58.891000 1499002 .venv/lib/python3.13/site-packages/torch/_inductor/scheduler.py:3820] [0/0] Layout conflict detected for buf178: template expects FixedLayout('cuda:0', torch.bfloat16, size=[768, 3072], stride=[3072, 1]) but layout is frozen to FixedLayout('cuda:0', torch.bfloat16, size=[768, 3072], stride=[1, 768])
W0926 11:04:58.891000 1499002 .venv/lib/python3.13/site-packages/torch/_inductor/scheduler.py:3820] [0/0] Layout conflict detected for buf206: template expects FixedLayout('cuda:0', torch.bfloat16, size=[768, 3072], stride=[3072, 1]) but layout is frozen to FixedLayout('cuda:0', torch.bfloat16, size=[768, 3072], stride=[1, 768])
W0926 11:04:58.892000 1499002 .venv/lib/python3.13/site-packages/torch/_inductor/scheduler.py:3820] [0/0] Layout conflict detected for buf234: template expects FixedLayout('cuda:0', torch.bfloat16, size=[768, 3072], stride=[3072, 1]) but layout is frozen to FixedLayout('cuda:0', torch.bfloat16, size=[768, 3072], stride=[1, 768])
W0926 11:04:58.892000 1499002 .venv/lib/python3.13/site-packages/torch/_inductor/scheduler.py:3820] [0/0] Layout conflict detected for buf262: template expects FixedLayout('cuda:0', torch.bfloat16, size=[768, 3072], stride=[3072, 1]) but layout is frozen to FixedLayout('cuda:0', torch.bfloat16, size=[768, 3072], stride=[1, 768])
W0926 11:04:58.892000 1499002 .venv/lib/python3.13/site-packages/torch/_inductor/scheduler.py:3820] [0/0] Layout conflict detected for buf290: template expects FixedLayout('cuda:0', torch.bfloat16, size=[768, 3072], stride=[3072, 1]) but layout is frozen to FixedLayout('cuda:0', torch.bfloat16, size=[768, 3072], stride=[1, 768])
W0926 11:04:58.893000 1499002 .venv/lib/python3.13/site-packages/torch/_inductor/scheduler.py:3820] [0/0] Layout conflict detected for buf318: template expects FixedLayout('cuda:0', torch.bfloat16, size=[768, 3072], stride=[3072, 1]) but layout is frozen to FixedLayout('cuda:0', torch.bfloat16, size=[768, 3072], stride=[1, 768])
W0926 11:04:58.893000 1499002 .venv/lib/python3.13/site-packages/torch/_inductor/scheduler.py:3820] [0/0] Layout conflict detected for buf346: template expects FixedLayout('cuda:0', torch.bfloat16, size=[768, 3072], stride=[3072, 1]) but layout is frozen to FixedLayout('cuda:0', torch.bfloat16, size=[768, 3072], stride=[1, 768])
W0926 11:04:58.910000 1499002 .venv/lib/python3.13/site-packages/torch/_inductor/scheduler.py:3820] [0/0] Layout conflict detected for buf38: template expects FixedLayout('cuda:0', torch.bfloat16, size=[768, 3072], stride=[3072, 1]) but layout is frozen to FixedLayout('cuda:0', torch.bfloat16, size=[768, 3072], stride=[1, 768])
W0926 11:04:58.911000 1499002 .venv/lib/python3.13/site-packages/torch/_inductor/scheduler.py:3820] [0/0] Layout conflict detected for buf66: template expects FixedLayout('cuda:0', torch.bfloat16, size=[768, 3072], stride=[3072, 1]) but layout is frozen to FixedLayout('cuda:0', torch.bfloat16, size=[768, 3072], stride=[1, 768])
W0926 11:04:58.911000 1499002 .venv/lib/python3.13/site-packages/torch/_inductor/scheduler.py:3820] [0/0] Layout conflict detected for buf94: template expects FixedLayout('cuda:0', torch.bfloat16, size=[768, 3072], stride=[3072, 1]) but layout is frozen to FixedLayout('cuda:0', torch.bfloat16, size=[768, 3072], stride=[1, 768])
W0926 11:04:58.911000 1499002 .venv/lib/python3.13/site-packages/torch/_inductor/scheduler.py:3820] [0/0] Layout conflict detected for buf122: template expects FixedLayout('cuda:0', torch.bfloat16, size=[768, 3072], stride=[3072, 1]) but layout is frozen to FixedLayout('cuda:0', torch.bfloat16, size=[768, 3072], stride=[1, 768])
W0926 11:04:58.912000 1499002 .venv/lib/python3.13/site-packages/torch/_inductor/scheduler.py:3820] [0/0] Layout conflict detected for buf150: template expects FixedLayout('cuda:0', torch.bfloat16, size=[768, 3072], stride=[3072, 1]) but layout is frozen to FixedLayout('cuda:0', torch.bfloat16, size=[768, 3072], stride=[1, 768])
W0926 11:04:58.912000 1499002 .venv/lib/python3.13/site-packages/torch/_inductor/scheduler.py:3820] [0/0] Layout conflict detected for buf178: template expects FixedLayout('cuda:0', torch.bfloat16, size=[768, 3072], stride=[3072, 1]) but layout is frozen to FixedLayout('cuda:0', torch.bfloat16, size=[768, 3072], stride=[1, 768])
W0926 11:04:58.912000 1499002 .venv/lib/python3.13/site-packages/torch/_inductor/scheduler.py:3820] [0/0] Layout conflict detected for buf206: template expects FixedLayout('cuda:0', torch.bfloat16, size=[768, 3072], stride=[3072, 1]) but layout is frozen to FixedLayout('cuda:0', torch.bfloat16, size=[768, 3072], stride=[1, 768])
W0926 11:04:58.913000 1499002 .venv/lib/python3.13/site-packages/torch/_inductor/scheduler.py:3820] [0/0] Layout conflict detected for buf234: template expects FixedLayout('cuda:0', torch.bfloat16, size=[768, 3072], stride=[3072, 1]) but layout is frozen to FixedLayout('cuda:0', torch.bfloat16, size=[768, 3072], stride=[1, 768])
W0926 11:04:58.913000 1499002 .venv/lib/python3.13/site-packages/torch/_inductor/scheduler.py:3820] [0/0] Layout conflict detected for buf262: template expects FixedLayout('cuda:0', torch.bfloat16, size=[768, 3072], stride=[3072, 1]) but layout is frozen to FixedLayout('cuda:0', torch.bfloat16, size=[768, 3072], stride=[1, 768])
W0926 11:04:58.913000 1499002 .venv/lib/python3.13/site-packages/torch/_inductor/scheduler.py:3820] [0/0] Layout conflict detected for buf290: template expects FixedLayout('cuda:0', torch.bfloat16, size=[768, 3072], stride=[3072, 1]) but layout is frozen to FixedLayout('cuda:0', torch.bfloat16, size=[768, 3072], stride=[1, 768])
W0926 11:04:58.914000 1499002 .venv/lib/python3.13/site-packages/torch/_inductor/scheduler.py:3820] [0/0] Layout conflict detected for buf318: template expects FixedLayout('cuda:0', torch.bfloat16, size=[768, 3072], stride=[3072, 1]) but layout is frozen to FixedLayout('cuda:0', torch.bfloat16, size=[768, 3072], stride=[1, 768])
W0926 11:04:58.914000 1499002 .venv/lib/python3.13/site-packages/torch/_inductor/scheduler.py:3820] [0/0] Layout conflict detected for buf346: template expects FixedLayout('cuda:0', torch.bfloat16, size=[768, 3072], stride=[3072, 1]) but layout is frozen to FixedLayout('cuda:0', torch.bfloat16, size=[768, 3072], stride=[1, 768])
W0926 11:04:58.948000 1499002 .venv/lib/python3.13/site-packages/torch/_inductor/scheduler.py:3820] [0/0] Layout conflict detected for buf38: template expects FixedLayout('cuda:0', torch.bfloat16, size=[768, 3072], stride=[3072, 1]) but layout is frozen to FixedLayout('cuda:0', torch.bfloat16, size=[768, 3072], stride=[1, 768])
W0926 11:04:58.949000 1499002 .venv/lib/python3.13/site-packages/torch/_inductor/scheduler.py:3820] [0/0] Layout conflict detected for buf66: template expects FixedLayout('cuda:0', torch.bfloat16, size=[768, 3072], stride=[3072, 1]) but layout is frozen to FixedLayout('cuda:0', torch.bfloat16, size=[768, 3072], stride=[1, 768])
W0926 11:04:58.949000 1499002 .venv/lib/python3.13/site-packages/torch/_inductor/scheduler.py:3820] [0/0] Layout conflict detected for buf94: template expects FixedLayout('cuda:0', torch.bfloat16, size=[768, 3072], stride=[3072, 1]) but layout is frozen to FixedLayout('cuda:0', torch.bfloat16, size=[768, 3072], stride=[1, 768])
W0926 11:04:58.949000 1499002 .venv/lib/python3.13/site-packages/torch/_inductor/scheduler.py:3820] [0/0] Layout conflict detected for buf122: template expects FixedLayout('cuda:0', torch.bfloat16, size=[768, 3072], stride=[3072, 1]) but layout is frozen to FixedLayout('cuda:0', torch.bfloat16, size=[768, 3072], stride=[1, 768])
W0926 11:04:58.950000 1499002 .venv/lib/python3.13/site-packages/torch/_inductor/scheduler.py:3820] [0/0] Layout conflict detected for buf150: template expects FixedLayout('cuda:0', torch.bfloat16, size=[768, 3072], stride=[3072, 1]) but layout is frozen to FixedLayout('cuda:0', torch.bfloat16, size=[768, 3072], stride=[1, 768])
W0926 11:04:58.950000 1499002 .venv/lib/python3.13/site-packages/torch/_inductor/scheduler.py:3820] [0/0] Layout conflict detected for buf178: template expects FixedLayout('cuda:0', torch.bfloat16, size=[768, 3072], stride=[3072, 1]) but layout is frozen to FixedLayout('cuda:0', torch.bfloat16, size=[768, 3072], stride=[1, 768])
W0926 11:04:58.950000 1499002 .venv/lib/python3.13/site-packages/torch/_inductor/scheduler.py:3820] [0/0] Layout conflict detected for buf206: template expects FixedLayout('cuda:0', torch.bfloat16, size=[768, 3072], stride=[3072, 1]) but layout is frozen to FixedLayout('cuda:0', torch.bfloat16, size=[768, 3072], stride=[1, 768])
W0926 11:04:58.951000 1499002 .venv/lib/python3.13/site-packages/torch/_inductor/scheduler.py:3820] [0/0] Layout conflict detected for buf234: template expects FixedLayout('cuda:0', torch.bfloat16, size=[768, 3072], stride=[3072, 1]) but layout is frozen to FixedLayout('cuda:0', torch.bfloat16, size=[768, 3072], stride=[1, 768])
W0926 11:04:58.951000 1499002 .venv/lib/python3.13/site-packages/torch/_inductor/scheduler.py:3820] [0/0] Layout conflict detected for buf262: template expects FixedLayout('cuda:0', torch.bfloat16, size=[768, 3072], stride=[3072, 1]) but layout is frozen to FixedLayout('cuda:0', torch.bfloat16, size=[768, 3072], stride=[1, 768])
W0926 11:04:58.951000 1499002 .venv/lib/python3.13/site-packages/torch/_inductor/scheduler.py:3820] [0/0] Layout conflict detected for buf290: template expects FixedLayout('cuda:0', torch.bfloat16, size=[768, 3072], stride=[3072, 1]) but layout is frozen to FixedLayout('cuda:0', torch.bfloat16, size=[768, 3072], stride=[1, 768])
W0926 11:04:58.952000 1499002 .venv/lib/python3.13/site-packages/torch/_inductor/scheduler.py:3820] [0/0] Layout conflict detected for buf318: template expects FixedLayout('cuda:0', torch.bfloat16, size=[768, 3072], stride=[3072, 1]) but layout is frozen to FixedLayout('cuda:0', torch.bfloat16, size=[768, 3072], stride=[1, 768])
W0926 11:04:58.952000 1499002 .venv/lib/python3.13/site-packages/torch/_inductor/scheduler.py:3820] [0/0] Layout conflict detected for buf346: template expects FixedLayout('cuda:0', torch.bfloat16, size=[768, 3072], stride=[3072, 1]) but layout is frozen to FixedLayout('cuda:0', torch.bfloat16, size=[768, 3072], stride=[1, 768])
/home/jeong/Desktop/IPAD/.venv/lib/python3.13/site-packages/torch/_inductor/select_algorithm.py:3686: UserWarning: TypedStorage is deprecated. It will be removed in the future and UntypedStorage will be the only storage class. This should only matter to you if you are using storages directly.  To access UntypedStorage directly, use tensor.untyped_storage() instead of tensor.storage()
  current_out_size = out_base.storage().size()
Autotune Choices Stats:
{"num_choices": 13, "num_triton_choices": 12, "best_kernel": "convolution", "best_time": 0.06313599646091461, "best_triton_pos": 1, "best_triton_time": 0.10252799838781357, "best_triton_kernel": "triton_convolution2d_8", "best_triton_kernel_desc": "ALLOW_TF32=False, BLOCK_K=16, BLOCK_M=64, BLOCK_N=128, GROUPS=1, KERNEL_H=14, KERNEL_W=14, PADDING_H=0, PADDING_W=0, STRIDE_H=14, STRIDE_W=14, UNROLL=False, num_stages=4, num_warps=4"}
AUTOTUNE convolution(1x3x252x252, 768x3x14x14)
strides: [190512, 63504, 252, 1], [588, 196, 14, 1]
dtypes: torch.bfloat16, torch.bfloat16
  convolution 0.0631 ms 100.0% 
  triton_convolution2d_8 0.1025 ms 61.6% ALLOW_TF32=False, BLOCK_K=16, BLOCK_M=64, BLOCK_N=128, GROUPS=1, KERNEL_H=14, KERNEL_W=14, PADDING_H=0, PADDING_W=0, STRIDE_H=14, STRIDE_W=14, UNROLL=False, num_stages=4, num_warps=4
  triton_convolution2d_4 0.1309 ms 48.2% ALLOW_TF32=False, BLOCK_K=16, BLOCK_M=64, BLOCK_N=64, GROUPS=1, KERNEL_H=14, KERNEL_W=14, PADDING_H=0, PADDING_W=0, STRIDE_H=14, STRIDE_W=14, UNROLL=False, num_stages=2, num_warps=4
  triton_convolution2d_9 0.1408 ms 44.8% ALLOW_TF32=False, BLOCK_K=16, BLOCK_M=128, BLOCK_N=64, GROUPS=1, KERNEL_H=14, KERNEL_W=14, PADDING_H=0, PADDING_W=0, STRIDE_H=14, STRIDE_W=14, UNROLL=False, num_stages=4, num_warps=4
  triton_convolution2d_1 0.1413 ms 44.7% ALLOW_TF32=False, BLOCK_K=16, BLOCK_M=256, BLOCK_N=64, GROUPS=1, KERNEL_H=14, KERNEL_W=14, PADDING_H=0, PADDING_W=0, STRIDE_H=14, STRIDE_W=14, UNROLL=False, num_stages=2, num_warps=4
  triton_convolution2d_5 0.1613 ms 39.1% ALLOW_TF32=False, BLOCK_K=16, BLOCK_M=64, BLOCK_N=256, GROUPS=1, KERNEL_H=14, KERNEL_W=14, PADDING_H=0, PADDING_W=0, STRIDE_H=14, STRIDE_W=14, UNROLL=False, num_stages=2, num_warps=8
  triton_convolution2d_6 0.1757 ms 35.9% ALLOW_TF32=False, BLOCK_K=16, BLOCK_M=256, BLOCK_N=64, GROUPS=1, KERNEL_H=14, KERNEL_W=14, PADDING_H=0, PADDING_W=0, STRIDE_H=14, STRIDE_W=14, UNROLL=False, num_stages=2, num_warps=8
  triton_convolution2d_2 0.1862 ms 33.9% ALLOW_TF32=False, BLOCK_K=16, BLOCK_M=1024, BLOCK_N=16, GROUPS=1, KERNEL_H=14, KERNEL_W=14, PADDING_H=0, PADDING_W=0, STRIDE_H=14, STRIDE_W=14, UNROLL=False, num_stages=1, num_warps=8
  triton_convolution2d_10 0.1884 ms 33.5% ALLOW_TF32=False, BLOCK_K=16, BLOCK_M=256, BLOCK_N=128, GROUPS=1, KERNEL_H=14, KERNEL_W=14, PADDING_H=0, PADDING_W=0, STRIDE_H=14, STRIDE_W=14, UNROLL=False, num_stages=2, num_warps=8
  triton_convolution2d_7 0.2085 ms 30.3% ALLOW_TF32=False, BLOCK_K=16, BLOCK_M=128, BLOCK_N=128, GROUPS=1, KERNEL_H=14, KERNEL_W=14, PADDING_H=0, PADDING_W=0, STRIDE_H=14, STRIDE_W=14, UNROLL=False, num_stages=3, num_warps=8
SingleProcess AUTOTUNE benchmarking takes 0.5280 seconds and 0.0002 seconds precompiling for 13 choices
E0926 11:04:59.744000 1499002 .venv/lib/python3.13/site-packages/torch/_inductor/select_algorithm.py:3924] [0/0] Runtime error during autotuning: 
E0926 11:04:59.744000 1499002 .venv/lib/python3.13/site-packages/torch/_inductor/select_algorithm.py:3924] [0/0] No valid triton configs. OutOfMemoryError: out of resource: triton_mm Required: 131072 Hardware limit:101376 Reducing block sizes or `num_stages` may help.. 
E0926 11:04:59.744000 1499002 .venv/lib/python3.13/site-packages/torch/_inductor/select_algorithm.py:3924] [0/0] Ignoring this choice.
E0926 11:04:59.815000 1499002 .venv/lib/python3.13/site-packages/torch/_inductor/select_algorithm.py:3924] [0/0] Runtime error during autotuning: 
E0926 11:04:59.815000 1499002 .venv/lib/python3.13/site-packages/torch/_inductor/select_algorithm.py:3924] [0/0] No valid triton configs. OutOfMemoryError: out of resource: triton_mm Required: 147456 Hardware limit:101376 Reducing block sizes or `num_stages` may help.. 
E0926 11:04:59.815000 1499002 .venv/lib/python3.13/site-packages/torch/_inductor/select_algorithm.py:3924] [0/0] Ignoring this choice.
E0926 11:04:59.935000 1499002 .venv/lib/python3.13/site-packages/torch/_inductor/select_algorithm.py:3924] [0/0] Runtime error during autotuning: 
E0926 11:04:59.935000 1499002 .venv/lib/python3.13/site-packages/torch/_inductor/select_algorithm.py:3924] [0/0] No valid triton configs. OutOfMemoryError: out of resource: triton_mm Required: 131072 Hardware limit:101376 Reducing block sizes or `num_stages` may help.. 
E0926 11:04:59.935000 1499002 .venv/lib/python3.13/site-packages/torch/_inductor/select_algorithm.py:3924] [0/0] Ignoring this choice.
E0926 11:04:59.938000 1499002 .venv/lib/python3.13/site-packages/torch/_inductor/select_algorithm.py:3924] [0/0] Runtime error during autotuning: 
E0926 11:04:59.938000 1499002 .venv/lib/python3.13/site-packages/torch/_inductor/select_algorithm.py:3924] [0/0] No valid triton configs. OutOfMemoryError: out of resource: triton_mm Required: 196608 Hardware limit:101376 Reducing block sizes or `num_stages` may help.. 
E0926 11:04:59.938000 1499002 .venv/lib/python3.13/site-packages/torch/_inductor/select_algorithm.py:3924] [0/0] Ignoring this choice.
Autotune Choices Stats:
{"num_choices": 21, "num_triton_choices": 20, "best_kernel": "triton_mm_26", "best_kernel_desc": "ACC_TYPE='tl.float32', ALLOW_TF32=False, BLOCK_K=32, BLOCK_M=128, BLOCK_N=64, EVEN_K=True, GROUP_M=8, USE_FAST_ACCUM=False, num_stages=4, num_warps=8", "best_time": 0.012415999546647072, "best_triton_pos": 0}
AUTOTUNE mm(325x768, 768x2304)
strides: [768, 1], [1, 768]
dtypes: torch.bfloat16, torch.bfloat16
  triton_mm_26 0.0124 ms 100.0% ACC_TYPE='tl.float32', ALLOW_TF32=False, BLOCK_K=32, BLOCK_M=128, BLOCK_N=64, EVEN_K=True, GROUP_M=8, USE_FAST_ACCUM=False, num_stages=4, num_warps=8
  triton_mm_23 0.0138 ms 89.8% ACC_TYPE='tl.float32', ALLOW_TF32=False, BLOCK_K=64, BLOCK_M=64, BLOCK_N=128, EVEN_K=True, GROUP_M=8, USE_FAST_ACCUM=False, num_stages=3, num_warps=4
  triton_mm_19 0.0139 ms 89.2% ACC_TYPE='tl.float32', ALLOW_TF32=False, BLOCK_K=64, BLOCK_M=64, BLOCK_N=64, EVEN_K=True, GROUP_M=8, USE_FAST_ACCUM=False, num_stages=3, num_warps=8
  triton_mm_22 0.0142 ms 87.4% ACC_TYPE='tl.float32', ALLOW_TF32=False, BLOCK_K=32, BLOCK_M=64, BLOCK_N=128, EVEN_K=True, GROUP_M=8, USE_FAST_ACCUM=False, num_stages=4, num_warps=8
  triton_mm_14 0.0158 ms 78.5% ACC_TYPE='tl.float32', ALLOW_TF32=False, BLOCK_K=32, BLOCK_M=32, BLOCK_N=64, EVEN_K=True, GROUP_M=8, USE_FAST_ACCUM=False, num_stages=5, num_warps=8
  triton_mm_21 0.0159 ms 78.2% ACC_TYPE='tl.float32', ALLOW_TF32=False, BLOCK_K=32, BLOCK_M=64, BLOCK_N=128, EVEN_K=True, GROUP_M=8, USE_FAST_ACCUM=False, num_stages=3, num_warps=4
  triton_mm_13 0.0164 ms 75.8% ACC_TYPE='tl.float32', ALLOW_TF32=False, BLOCK_K=128, BLOCK_M=32, BLOCK_N=32, EVEN_K=True, GROUP_M=8, USE_FAST_ACCUM=False, num_stages=2, num_warps=4
  triton_mm_25 0.0174 ms 71.3% ACC_TYPE='tl.float32', ALLOW_TF32=False, BLOCK_K=32, BLOCK_M=128, BLOCK_N=64, EVEN_K=True, GROUP_M=8, USE_FAST_ACCUM=False, num_stages=3, num_warps=4
  triton_mm_15 0.0180 ms 68.9% ACC_TYPE='tl.float32', ALLOW_TF32=False, BLOCK_K=32, BLOCK_M=64, BLOCK_N=32, EVEN_K=True, GROUP_M=8, USE_FAST_ACCUM=False, num_stages=5, num_warps=8
  triton_mm_29 0.0184 ms 67.4% ACC_TYPE='tl.float32', ALLOW_TF32=False, BLOCK_K=64, BLOCK_M=128, BLOCK_N=128, EVEN_K=True, GROUP_M=8, USE_FAST_ACCUM=False, num_stages=3, num_warps=4
SingleProcess AUTOTUNE benchmarking takes 0.4062 seconds and 0.0002 seconds precompiling for 21 choices
W0926 11:04:59.939000 1499002 .venv/lib/python3.13/site-packages/torch/_inductor/scheduler.py:3820] [0/0] Layout conflict detected for buf20: template expects FixedLayout('cuda:0', torch.bfloat16, size=[768, 2304], stride=[2304, 1]) but layout is frozen to FixedLayout('cuda:0', torch.bfloat16, size=[768, 2304], stride=[1, 768])
E0926 11:05:00.150000 1499002 .venv/lib/python3.13/site-packages/torch/_inductor/select_algorithm.py:3924] [0/0] Runtime error during autotuning: 
E0926 11:05:00.150000 1499002 .venv/lib/python3.13/site-packages/torch/_inductor/select_algorithm.py:3924] [0/0] No valid triton configs. OutOfMemoryError: out of resource: triton_mm Required: 131072 Hardware limit:101376 Reducing block sizes or `num_stages` may help.. 
E0926 11:05:00.150000 1499002 .venv/lib/python3.13/site-packages/torch/_inductor/select_algorithm.py:3924] [0/0] Ignoring this choice.
E0926 11:05:00.224000 1499002 .venv/lib/python3.13/site-packages/torch/_inductor/select_algorithm.py:3924] [0/0] Runtime error during autotuning: 
E0926 11:05:00.224000 1499002 .venv/lib/python3.13/site-packages/torch/_inductor/select_algorithm.py:3924] [0/0] No valid triton configs. OutOfMemoryError: out of resource: triton_mm Required: 147456 Hardware limit:101376 Reducing block sizes or `num_stages` may help.. 
E0926 11:05:00.224000 1499002 .venv/lib/python3.13/site-packages/torch/_inductor/select_algorithm.py:3924] [0/0] Ignoring this choice.
E0926 11:05:00.344000 1499002 .venv/lib/python3.13/site-packages/torch/_inductor/select_algorithm.py:3924] [0/0] Runtime error during autotuning: 
E0926 11:05:00.344000 1499002 .venv/lib/python3.13/site-packages/torch/_inductor/select_algorithm.py:3924] [0/0] No valid triton configs. OutOfMemoryError: out of resource: triton_mm Required: 131072 Hardware limit:101376 Reducing block sizes or `num_stages` may help.. 
E0926 11:05:00.344000 1499002 .venv/lib/python3.13/site-packages/torch/_inductor/select_algorithm.py:3924] [0/0] Ignoring this choice.
E0926 11:05:00.348000 1499002 .venv/lib/python3.13/site-packages/torch/_inductor/select_algorithm.py:3924] [0/0] Runtime error during autotuning: 
E0926 11:05:00.348000 1499002 .venv/lib/python3.13/site-packages/torch/_inductor/select_algorithm.py:3924] [0/0] No valid triton configs. OutOfMemoryError: out of resource: triton_mm Required: 196608 Hardware limit:101376 Reducing block sizes or `num_stages` may help.. 
E0926 11:05:00.348000 1499002 .venv/lib/python3.13/site-packages/torch/_inductor/select_algorithm.py:3924] [0/0] Ignoring this choice.
Autotune Choices Stats:
{"num_choices": 21, "num_triton_choices": 20, "best_kernel": "triton_mm_34", "best_kernel_desc": "ACC_TYPE='tl.float32', ALLOW_TF32=False, BLOCK_K=32, BLOCK_M=32, BLOCK_N=64, EVEN_K=True, GROUP_M=8, USE_FAST_ACCUM=False, num_stages=5, num_warps=8", "best_time": 0.008031999692320824, "best_triton_pos": 0}
AUTOTUNE mm(325x768, 768x768)
strides: [768, 1], [1, 768]
dtypes: torch.bfloat16, torch.bfloat16
  triton_mm_34 0.0080 ms 100.0% ACC_TYPE='tl.float32', ALLOW_TF32=False, BLOCK_K=32, BLOCK_M=32, BLOCK_N=64, EVEN_K=True, GROUP_M=8, USE_FAST_ACCUM=False, num_stages=5, num_warps=8
  triton_mm_36 0.0082 ms 98.0% ACC_TYPE='tl.float32', ALLOW_TF32=False, BLOCK_K=128, BLOCK_M=64, BLOCK_N=32, EVEN_K=True, GROUP_M=8, USE_FAST_ACCUM=False, num_stages=5, num_warps=4
  mm 0.0102 ms 78.7% 
  triton_mm_33 0.0102 ms 78.4% ACC_TYPE='tl.float32', ALLOW_TF32=False, BLOCK_K=128, BLOCK_M=32, BLOCK_N=32, EVEN_K=True, GROUP_M=8, USE_FAST_ACCUM=False, num_stages=2, num_warps=4
  triton_mm_39 0.0109 ms 73.6% ACC_TYPE='tl.float32', ALLOW_TF32=False, BLOCK_K=64, BLOCK_M=64, BLOCK_N=64, EVEN_K=True, GROUP_M=8, USE_FAST_ACCUM=False, num_stages=3, num_warps=8
  triton_mm_35 0.0114 ms 70.7% ACC_TYPE='tl.float32', ALLOW_TF32=False, BLOCK_K=32, BLOCK_M=64, BLOCK_N=32, EVEN_K=True, GROUP_M=8, USE_FAST_ACCUM=False, num_stages=5, num_warps=8
  triton_mm_42 0.0117 ms 68.4% ACC_TYPE='tl.float32', ALLOW_TF32=False, BLOCK_K=32, BLOCK_M=64, BLOCK_N=128, EVEN_K=True, GROUP_M=8, USE_FAST_ACCUM=False, num_stages=4, num_warps=8
  triton_mm_46 0.0119 ms 67.7% ACC_TYPE='tl.float32', ALLOW_TF32=False, BLOCK_K=32, BLOCK_M=128, BLOCK_N=64, EVEN_K=True, GROUP_M=8, USE_FAST_ACCUM=False, num_stages=4, num_warps=8
  triton_mm_43 0.0122 ms 66.1% ACC_TYPE='tl.float32', ALLOW_TF32=False, BLOCK_K=64, BLOCK_M=64, BLOCK_N=128, EVEN_K=True, GROUP_M=8, USE_FAST_ACCUM=False, num_stages=3, num_warps=4
  triton_mm_45 0.0144 ms 55.9% ACC_TYPE='tl.float32', ALLOW_TF32=False, BLOCK_K=32, BLOCK_M=128, BLOCK_N=64, EVEN_K=True, GROUP_M=8, USE_FAST_ACCUM=False, num_stages=3, num_warps=4
SingleProcess AUTOTUNE benchmarking takes 0.4085 seconds and 0.0001 seconds precompiling for 21 choices
W0926 11:05:00.349000 1499002 .venv/lib/python3.13/site-packages/torch/_inductor/scheduler.py:3820] [0/0] Layout conflict detected for buf31: template expects FixedLayout('cuda:0', torch.bfloat16, size=[768, 768], stride=[768, 1]) but layout is frozen to FixedLayout('cuda:0', torch.bfloat16, size=[768, 768], stride=[1, 768])
E0926 11:05:01.921000 1499002 .venv/lib/python3.13/site-packages/torch/_inductor/select_algorithm.py:3924] [0/0] Runtime error during autotuning: 
E0926 11:05:01.921000 1499002 .venv/lib/python3.13/site-packages/torch/_inductor/select_algorithm.py:3924] [0/0] No valid triton configs. OutOfMemoryError: out of resource: triton_mm Required: 131072 Hardware limit:101376 Reducing block sizes or `num_stages` may help.. 
E0926 11:05:01.921000 1499002 .venv/lib/python3.13/site-packages/torch/_inductor/select_algorithm.py:3924] [0/0] Ignoring this choice.
E0926 11:05:01.991000 1499002 .venv/lib/python3.13/site-packages/torch/_inductor/select_algorithm.py:3924] [0/0] Runtime error during autotuning: 
E0926 11:05:01.991000 1499002 .venv/lib/python3.13/site-packages/torch/_inductor/select_algorithm.py:3924] [0/0] No valid triton configs. OutOfMemoryError: out of resource: triton_mm Required: 147456 Hardware limit:101376 Reducing block sizes or `num_stages` may help.. 
E0926 11:05:01.991000 1499002 .venv/lib/python3.13/site-packages/torch/_inductor/select_algorithm.py:3924] [0/0] Ignoring this choice.
E0926 11:05:02.111000 1499002 .venv/lib/python3.13/site-packages/torch/_inductor/select_algorithm.py:3924] [0/0] Runtime error during autotuning: 
E0926 11:05:02.111000 1499002 .venv/lib/python3.13/site-packages/torch/_inductor/select_algorithm.py:3924] [0/0] No valid triton configs. OutOfMemoryError: out of resource: triton_mm Required: 131072 Hardware limit:101376 Reducing block sizes or `num_stages` may help.. 
E0926 11:05:02.111000 1499002 .venv/lib/python3.13/site-packages/torch/_inductor/select_algorithm.py:3924] [0/0] Ignoring this choice.
E0926 11:05:02.115000 1499002 .venv/lib/python3.13/site-packages/torch/_inductor/select_algorithm.py:3924] [0/0] Runtime error during autotuning: 
E0926 11:05:02.115000 1499002 .venv/lib/python3.13/site-packages/torch/_inductor/select_algorithm.py:3924] [0/0] No valid triton configs. OutOfMemoryError: out of resource: triton_mm Required: 196608 Hardware limit:101376 Reducing block sizes or `num_stages` may help.. 
E0926 11:05:02.115000 1499002 .venv/lib/python3.13/site-packages/torch/_inductor/select_algorithm.py:3924] [0/0] Ignoring this choice.
Autotune Choices Stats:
{"num_choices": 21, "num_triton_choices": 20, "best_kernel": "triton_mm_62", "best_kernel_desc": "ACC_TYPE='tl.float32', ALLOW_TF32=False, BLOCK_K=32, BLOCK_M=64, BLOCK_N=128, EVEN_K=True, GROUP_M=8, USE_FAST_ACCUM=False, num_stages=4, num_warps=8", "best_time": 0.012992000207304955, "best_triton_pos": 0}
AUTOTUNE mm(325x768, 768x3072)
strides: [768, 1], [1, 768]
dtypes: torch.bfloat16, torch.bfloat16
  triton_mm_62 0.0130 ms 100.0% ACC_TYPE='tl.float32', ALLOW_TF32=False, BLOCK_K=32, BLOCK_M=64, BLOCK_N=128, EVEN_K=True, GROUP_M=8, USE_FAST_ACCUM=False, num_stages=4, num_warps=8
  triton_mm_59 0.0138 ms 94.2% ACC_TYPE='tl.float32', ALLOW_TF32=False, BLOCK_K=64, BLOCK_M=64, BLOCK_N=64, EVEN_K=True, GROUP_M=8, USE_FAST_ACCUM=False, num_stages=3, num_warps=8
  triton_mm_63 0.0148 ms 87.7% ACC_TYPE='tl.float32', ALLOW_TF32=False, BLOCK_K=64, BLOCK_M=64, BLOCK_N=128, EVEN_K=True, GROUP_M=8, USE_FAST_ACCUM=False, num_stages=3, num_warps=4
  triton_mm_65 0.0164 ms 79.3% ACC_TYPE='tl.float32', ALLOW_TF32=False, BLOCK_K=32, BLOCK_M=128, BLOCK_N=64, EVEN_K=True, GROUP_M=8, USE_FAST_ACCUM=False, num_stages=3, num_warps=4
  mm 0.0175 ms 74.1% 
  triton_mm_54 0.0178 ms 72.9% ACC_TYPE='tl.float32', ALLOW_TF32=False, BLOCK_K=32, BLOCK_M=32, BLOCK_N=64, EVEN_K=True, GROUP_M=8, USE_FAST_ACCUM=False, num_stages=5, num_warps=8
  triton_mm_61 0.0180 ms 72.2% ACC_TYPE='tl.float32', ALLOW_TF32=False, BLOCK_K=32, BLOCK_M=64, BLOCK_N=128, EVEN_K=True, GROUP_M=8, USE_FAST_ACCUM=False, num_stages=3, num_warps=4
  triton_mm_66 0.0188 ms 69.0% ACC_TYPE='tl.float32', ALLOW_TF32=False, BLOCK_K=32, BLOCK_M=128, BLOCK_N=64, EVEN_K=True, GROUP_M=8, USE_FAST_ACCUM=False, num_stages=4, num_warps=8
  triton_mm_68 0.0199 ms 65.2% ACC_TYPE='tl.float32', ALLOW_TF32=False, BLOCK_K=32, BLOCK_M=128, BLOCK_N=128, EVEN_K=True, GROUP_M=8, USE_FAST_ACCUM=False, num_stages=3, num_warps=4
  triton_mm_69 0.0200 ms 65.1% ACC_TYPE='tl.float32', ALLOW_TF32=False, BLOCK_K=64, BLOCK_M=128, BLOCK_N=128, EVEN_K=True, GROUP_M=8, USE_FAST_ACCUM=False, num_stages=3, num_warps=4
SingleProcess AUTOTUNE benchmarking takes 0.4059 seconds and 1.3599 seconds precompiling for 21 choices
W0926 11:05:02.115000 1499002 .venv/lib/python3.13/site-packages/torch/_inductor/scheduler.py:3820] [0/0] Layout conflict detected for buf38: template expects FixedLayout('cuda:0', torch.bfloat16, size=[768, 3072], stride=[3072, 1]) but layout is frozen to FixedLayout('cuda:0', torch.bfloat16, size=[768, 3072], stride=[1, 768])
E0926 11:05:03.760000 1499002 .venv/lib/python3.13/site-packages/torch/_inductor/select_algorithm.py:3924] [0/0] Runtime error during autotuning: 
E0926 11:05:03.760000 1499002 .venv/lib/python3.13/site-packages/torch/_inductor/select_algorithm.py:3924] [0/0] No valid triton configs. OutOfMemoryError: out of resource: triton_mm Required: 131072 Hardware limit:101376 Reducing block sizes or `num_stages` may help.. 
E0926 11:05:03.760000 1499002 .venv/lib/python3.13/site-packages/torch/_inductor/select_algorithm.py:3924] [0/0] Ignoring this choice.
E0926 11:05:03.834000 1499002 .venv/lib/python3.13/site-packages/torch/_inductor/select_algorithm.py:3924] [0/0] Runtime error during autotuning: 
E0926 11:05:03.834000 1499002 .venv/lib/python3.13/site-packages/torch/_inductor/select_algorithm.py:3924] [0/0] No valid triton configs. OutOfMemoryError: out of resource: triton_mm Required: 147456 Hardware limit:101376 Reducing block sizes or `num_stages` may help.. 
E0926 11:05:03.834000 1499002 .venv/lib/python3.13/site-packages/torch/_inductor/select_algorithm.py:3924] [0/0] Ignoring this choice.
E0926 11:05:03.968000 1499002 .venv/lib/python3.13/site-packages/torch/_inductor/select_algorithm.py:3924] [0/0] Runtime error during autotuning: 
E0926 11:05:03.968000 1499002 .venv/lib/python3.13/site-packages/torch/_inductor/select_algorithm.py:3924] [0/0] No valid triton configs. OutOfMemoryError: out of resource: triton_mm Required: 131072 Hardware limit:101376 Reducing block sizes or `num_stages` may help.. 
E0926 11:05:03.968000 1499002 .venv/lib/python3.13/site-packages/torch/_inductor/select_algorithm.py:3924] [0/0] Ignoring this choice.
E0926 11:05:03.971000 1499002 .venv/lib/python3.13/site-packages/torch/_inductor/select_algorithm.py:3924] [0/0] Runtime error during autotuning: 
E0926 11:05:03.971000 1499002 .venv/lib/python3.13/site-packages/torch/_inductor/select_algorithm.py:3924] [0/0] No valid triton configs. OutOfMemoryError: out of resource: triton_mm Required: 196608 Hardware limit:101376 Reducing block sizes or `num_stages` may help.. 
E0926 11:05:03.971000 1499002 .venv/lib/python3.13/site-packages/torch/_inductor/select_algorithm.py:3924] [0/0] Ignoring this choice.
Autotune Choices Stats:
{"num_choices": 21, "num_triton_choices": 20, "best_kernel": "mm", "best_time": 0.01587199978530407, "best_triton_pos": 1, "best_triton_time": 0.0180479995906353, "best_triton_kernel": "triton_mm_76", "best_triton_kernel_desc": "ACC_TYPE='tl.float32', ALLOW_TF32=False, BLOCK_K=128, BLOCK_M=64, BLOCK_N=32, EVEN_K=True, GROUP_M=8, USE_FAST_ACCUM=False, num_stages=5, num_warps=4"}
AUTOTUNE mm(325x3072, 3072x768)
strides: [3072, 1], [1, 3072]
dtypes: torch.bfloat16, torch.bfloat16
  mm 0.0159 ms 100.0% 
  triton_mm_76 0.0180 ms 87.9% ACC_TYPE='tl.float32', ALLOW_TF32=False, BLOCK_K=128, BLOCK_M=64, BLOCK_N=32, EVEN_K=True, GROUP_M=8, USE_FAST_ACCUM=False, num_stages=5, num_warps=4
  triton_mm_79 0.0246 ms 64.5% ACC_TYPE='tl.float32', ALLOW_TF32=False, BLOCK_K=64, BLOCK_M=64, BLOCK_N=64, EVEN_K=True, GROUP_M=8, USE_FAST_ACCUM=False, num_stages=3, num_warps=8
  triton_mm_73 0.0262 ms 60.5% ACC_TYPE='tl.float32', ALLOW_TF32=False, BLOCK_K=128, BLOCK_M=32, BLOCK_N=32, EVEN_K=True, GROUP_M=8, USE_FAST_ACCUM=False, num_stages=2, num_warps=4
  triton_mm_74 0.0281 ms 56.6% ACC_TYPE='tl.float32', ALLOW_TF32=False, BLOCK_K=32, BLOCK_M=32, BLOCK_N=64, EVEN_K=True, GROUP_M=8, USE_FAST_ACCUM=False, num_stages=5, num_warps=8
  triton_mm_75 0.0328 ms 48.4% ACC_TYPE='tl.float32', ALLOW_TF32=False, BLOCK_K=32, BLOCK_M=64, BLOCK_N=32, EVEN_K=True, GROUP_M=8, USE_FAST_ACCUM=False, num_stages=5, num_warps=8
  triton_mm_83 0.0347 ms 45.8% ACC_TYPE='tl.float32', ALLOW_TF32=False, BLOCK_K=64, BLOCK_M=64, BLOCK_N=128, EVEN_K=True, GROUP_M=8, USE_FAST_ACCUM=False, num_stages=3, num_warps=4
  triton_mm_86 0.0363 ms 43.7% ACC_TYPE='tl.float32', ALLOW_TF32=False, BLOCK_K=32, BLOCK_M=128, BLOCK_N=64, EVEN_K=True, GROUP_M=8, USE_FAST_ACCUM=False, num_stages=4, num_warps=8
  triton_mm_82 0.0370 ms 42.9% ACC_TYPE='tl.float32', ALLOW_TF32=False, BLOCK_K=32, BLOCK_M=64, BLOCK_N=128, EVEN_K=True, GROUP_M=8, USE_FAST_ACCUM=False, num_stages=4, num_warps=8
  triton_mm_81 0.0405 ms 39.1% ACC_TYPE='tl.float32', ALLOW_TF32=False, BLOCK_K=32, BLOCK_M=64, BLOCK_N=128, EVEN_K=True, GROUP_M=8, USE_FAST_ACCUM=False, num_stages=3, num_warps=4
SingleProcess AUTOTUNE benchmarking takes 0.4389 seconds and 1.4168 seconds precompiling for 21 choices
W0926 11:05:03.972000 1499002 .venv/lib/python3.13/site-packages/torch/_inductor/scheduler.py:3820] [0/0] Layout conflict detected for buf48: template expects FixedLayout('cuda:0', torch.bfloat16, size=[768, 2304], stride=[2304, 1]) but layout is frozen to FixedLayout('cuda:0', torch.bfloat16, size=[768, 2304], stride=[1, 768])
W0926 11:05:03.973000 1499002 .venv/lib/python3.13/site-packages/torch/_inductor/scheduler.py:3820] [0/0] Layout conflict detected for buf59: template expects FixedLayout('cuda:0', torch.bfloat16, size=[768, 768], stride=[768, 1]) but layout is frozen to FixedLayout('cuda:0', torch.bfloat16, size=[768, 768], stride=[1, 768])
W0926 11:05:03.974000 1499002 .venv/lib/python3.13/site-packages/torch/_inductor/scheduler.py:3820] [0/0] Layout conflict detected for buf66: template expects FixedLayout('cuda:0', torch.bfloat16, size=[768, 3072], stride=[3072, 1]) but layout is frozen to FixedLayout('cuda:0', torch.bfloat16, size=[768, 3072], stride=[1, 768])
W0926 11:05:03.975000 1499002 .venv/lib/python3.13/site-packages/torch/_inductor/scheduler.py:3820] [0/0] Layout conflict detected for buf76: template expects FixedLayout('cuda:0', torch.bfloat16, size=[768, 2304], stride=[2304, 1]) but layout is frozen to FixedLayout('cuda:0', torch.bfloat16, size=[768, 2304], stride=[1, 768])
W0926 11:05:03.976000 1499002 .venv/lib/python3.13/site-packages/torch/_inductor/scheduler.py:3820] [0/0] Layout conflict detected for buf87: template expects FixedLayout('cuda:0', torch.bfloat16, size=[768, 768], stride=[768, 1]) but layout is frozen to FixedLayout('cuda:0', torch.bfloat16, size=[768, 768], stride=[1, 768])
W0926 11:05:03.977000 1499002 .venv/lib/python3.13/site-packages/torch/_inductor/scheduler.py:3820] [0/0] Layout conflict detected for buf94: template expects FixedLayout('cuda:0', torch.bfloat16, size=[768, 3072], stride=[3072, 1]) but layout is frozen to FixedLayout('cuda:0', torch.bfloat16, size=[768, 3072], stride=[1, 768])
W0926 11:05:03.978000 1499002 .venv/lib/python3.13/site-packages/torch/_inductor/scheduler.py:3820] [0/0] Layout conflict detected for buf104: template expects FixedLayout('cuda:0', torch.bfloat16, size=[768, 2304], stride=[2304, 1]) but layout is frozen to FixedLayout('cuda:0', torch.bfloat16, size=[768, 2304], stride=[1, 768])
W0926 11:05:03.979000 1499002 .venv/lib/python3.13/site-packages/torch/_inductor/scheduler.py:3820] [0/0] Layout conflict detected for buf115: template expects FixedLayout('cuda:0', torch.bfloat16, size=[768, 768], stride=[768, 1]) but layout is frozen to FixedLayout('cuda:0', torch.bfloat16, size=[768, 768], stride=[1, 768])
W0926 11:05:03.980000 1499002 .venv/lib/python3.13/site-packages/torch/_inductor/scheduler.py:3820] [0/0] Layout conflict detected for buf122: template expects FixedLayout('cuda:0', torch.bfloat16, size=[768, 3072], stride=[3072, 1]) but layout is frozen to FixedLayout('cuda:0', torch.bfloat16, size=[768, 3072], stride=[1, 768])
W0926 11:05:03.981000 1499002 .venv/lib/python3.13/site-packages/torch/_inductor/scheduler.py:3820] [0/0] Layout conflict detected for buf132: template expects FixedLayout('cuda:0', torch.bfloat16, size=[768, 2304], stride=[2304, 1]) but layout is frozen to FixedLayout('cuda:0', torch.bfloat16, size=[768, 2304], stride=[1, 768])
W0926 11:05:03.982000 1499002 .venv/lib/python3.13/site-packages/torch/_inductor/scheduler.py:3820] [0/0] Layout conflict detected for buf143: template expects FixedLayout('cuda:0', torch.bfloat16, size=[768, 768], stride=[768, 1]) but layout is frozen to FixedLayout('cuda:0', torch.bfloat16, size=[768, 768], stride=[1, 768])
W0926 11:05:03.983000 1499002 .venv/lib/python3.13/site-packages/torch/_inductor/scheduler.py:3820] [0/0] Layout conflict detected for buf150: template expects FixedLayout('cuda:0', torch.bfloat16, size=[768, 3072], stride=[3072, 1]) but layout is frozen to FixedLayout('cuda:0', torch.bfloat16, size=[768, 3072], stride=[1, 768])
W0926 11:05:03.984000 1499002 .venv/lib/python3.13/site-packages/torch/_inductor/scheduler.py:3820] [0/0] Layout conflict detected for buf160: template expects FixedLayout('cuda:0', torch.bfloat16, size=[768, 2304], stride=[2304, 1]) but layout is frozen to FixedLayout('cuda:0', torch.bfloat16, size=[768, 2304], stride=[1, 768])
W0926 11:05:03.985000 1499002 .venv/lib/python3.13/site-packages/torch/_inductor/scheduler.py:3820] [0/0] Layout conflict detected for buf171: template expects FixedLayout('cuda:0', torch.bfloat16, size=[768, 768], stride=[768, 1]) but layout is frozen to FixedLayout('cuda:0', torch.bfloat16, size=[768, 768], stride=[1, 768])
W0926 11:05:03.986000 1499002 .venv/lib/python3.13/site-packages/torch/_inductor/scheduler.py:3820] [0/0] Layout conflict detected for buf178: template expects FixedLayout('cuda:0', torch.bfloat16, size=[768, 3072], stride=[3072, 1]) but layout is frozen to FixedLayout('cuda:0', torch.bfloat16, size=[768, 3072], stride=[1, 768])
W0926 11:05:03.987000 1499002 .venv/lib/python3.13/site-packages/torch/_inductor/scheduler.py:3820] [0/0] Layout conflict detected for buf188: template expects FixedLayout('cuda:0', torch.bfloat16, size=[768, 2304], stride=[2304, 1]) but layout is frozen to FixedLayout('cuda:0', torch.bfloat16, size=[768, 2304], stride=[1, 768])
W0926 11:05:03.988000 1499002 .venv/lib/python3.13/site-packages/torch/_inductor/scheduler.py:3820] [0/0] Layout conflict detected for buf199: template expects FixedLayout('cuda:0', torch.bfloat16, size=[768, 768], stride=[768, 1]) but layout is frozen to FixedLayout('cuda:0', torch.bfloat16, size=[768, 768], stride=[1, 768])
W0926 11:05:03.989000 1499002 .venv/lib/python3.13/site-packages/torch/_inductor/scheduler.py:3820] [0/0] Layout conflict detected for buf206: template expects FixedLayout('cuda:0', torch.bfloat16, size=[768, 3072], stride=[3072, 1]) but layout is frozen to FixedLayout('cuda:0', torch.bfloat16, size=[768, 3072], stride=[1, 768])
W0926 11:05:03.990000 1499002 .venv/lib/python3.13/site-packages/torch/_inductor/scheduler.py:3820] [0/0] Layout conflict detected for buf216: template expects FixedLayout('cuda:0', torch.bfloat16, size=[768, 2304], stride=[2304, 1]) but layout is frozen to FixedLayout('cuda:0', torch.bfloat16, size=[768, 2304], stride=[1, 768])
W0926 11:05:03.991000 1499002 .venv/lib/python3.13/site-packages/torch/_inductor/scheduler.py:3820] [0/0] Layout conflict detected for buf227: template expects FixedLayout('cuda:0', torch.bfloat16, size=[768, 768], stride=[768, 1]) but layout is frozen to FixedLayout('cuda:0', torch.bfloat16, size=[768, 768], stride=[1, 768])
W0926 11:05:03.992000 1499002 .venv/lib/python3.13/site-packages/torch/_inductor/scheduler.py:3820] [0/0] Layout conflict detected for buf234: template expects FixedLayout('cuda:0', torch.bfloat16, size=[768, 3072], stride=[3072, 1]) but layout is frozen to FixedLayout('cuda:0', torch.bfloat16, size=[768, 3072], stride=[1, 768])
W0926 11:05:03.994000 1499002 .venv/lib/python3.13/site-packages/torch/_inductor/scheduler.py:3820] [0/0] Layout conflict detected for buf244: template expects FixedLayout('cuda:0', torch.bfloat16, size=[768, 2304], stride=[2304, 1]) but layout is frozen to FixedLayout('cuda:0', torch.bfloat16, size=[768, 2304], stride=[1, 768])
W0926 11:05:03.995000 1499002 .venv/lib/python3.13/site-packages/torch/_inductor/scheduler.py:3820] [0/0] Layout conflict detected for buf255: template expects FixedLayout('cuda:0', torch.bfloat16, size=[768, 768], stride=[768, 1]) but layout is frozen to FixedLayout('cuda:0', torch.bfloat16, size=[768, 768], stride=[1, 768])
W0926 11:05:03.996000 1499002 .venv/lib/python3.13/site-packages/torch/_inductor/scheduler.py:3820] [0/0] Layout conflict detected for buf262: template expects FixedLayout('cuda:0', torch.bfloat16, size=[768, 3072], stride=[3072, 1]) but layout is frozen to FixedLayout('cuda:0', torch.bfloat16, size=[768, 3072], stride=[1, 768])
W0926 11:05:03.997000 1499002 .venv/lib/python3.13/site-packages/torch/_inductor/scheduler.py:3820] [0/0] Layout conflict detected for buf272: template expects FixedLayout('cuda:0', torch.bfloat16, size=[768, 2304], stride=[2304, 1]) but layout is frozen to FixedLayout('cuda:0', torch.bfloat16, size=[768, 2304], stride=[1, 768])
W0926 11:05:03.998000 1499002 .venv/lib/python3.13/site-packages/torch/_inductor/scheduler.py:3820] [0/0] Layout conflict detected for buf283: template expects FixedLayout('cuda:0', torch.bfloat16, size=[768, 768], stride=[768, 1]) but layout is frozen to FixedLayout('cuda:0', torch.bfloat16, size=[768, 768], stride=[1, 768])
W0926 11:05:03.999000 1499002 .venv/lib/python3.13/site-packages/torch/_inductor/scheduler.py:3820] [0/0] Layout conflict detected for buf290: template expects FixedLayout('cuda:0', torch.bfloat16, size=[768, 3072], stride=[3072, 1]) but layout is frozen to FixedLayout('cuda:0', torch.bfloat16, size=[768, 3072], stride=[1, 768])
W0926 11:05:04.001000 1499002 .venv/lib/python3.13/site-packages/torch/_inductor/scheduler.py:3820] [0/0] Layout conflict detected for buf300: template expects FixedLayout('cuda:0', torch.bfloat16, size=[768, 2304], stride=[2304, 1]) but layout is frozen to FixedLayout('cuda:0', torch.bfloat16, size=[768, 2304], stride=[1, 768])
W0926 11:05:04.002000 1499002 .venv/lib/python3.13/site-packages/torch/_inductor/scheduler.py:3820] [0/0] Layout conflict detected for buf311: template expects FixedLayout('cuda:0', torch.bfloat16, size=[768, 768], stride=[768, 1]) but layout is frozen to FixedLayout('cuda:0', torch.bfloat16, size=[768, 768], stride=[1, 768])
W0926 11:05:04.003000 1499002 .venv/lib/python3.13/site-packages/torch/_inductor/scheduler.py:3820] [0/0] Layout conflict detected for buf318: template expects FixedLayout('cuda:0', torch.bfloat16, size=[768, 3072], stride=[3072, 1]) but layout is frozen to FixedLayout('cuda:0', torch.bfloat16, size=[768, 3072], stride=[1, 768])
W0926 11:05:04.005000 1499002 .venv/lib/python3.13/site-packages/torch/_inductor/scheduler.py:3820] [0/0] Layout conflict detected for buf328: template expects FixedLayout('cuda:0', torch.bfloat16, size=[768, 2304], stride=[2304, 1]) but layout is frozen to FixedLayout('cuda:0', torch.bfloat16, size=[768, 2304], stride=[1, 768])
W0926 11:05:04.005000 1499002 .venv/lib/python3.13/site-packages/torch/_inductor/scheduler.py:3820] [0/0] Layout conflict detected for buf339: template expects FixedLayout('cuda:0', torch.bfloat16, size=[768, 768], stride=[768, 1]) but layout is frozen to FixedLayout('cuda:0', torch.bfloat16, size=[768, 768], stride=[1, 768])
W0926 11:05:04.006000 1499002 .venv/lib/python3.13/site-packages/torch/_inductor/scheduler.py:3820] [0/0] Layout conflict detected for buf346: template expects FixedLayout('cuda:0', torch.bfloat16, size=[768, 3072], stride=[3072, 1]) but layout is frozen to FixedLayout('cuda:0', torch.bfloat16, size=[768, 3072], stride=[1, 768])
/home/jeong/Desktop/IPAD/.venv/lib/python3.13/site-packages/torch/profiler/profiler.py:224: UserWarning: Warning: Profiler clears events at the end of each cycle.Only events from the current cycle will be reported.To keep events across cycles, set acc_events=True.
  _warn_once(
{"state": "completed", "phase": "pilot", "variant": "w8a16", "mode": "autotune_graph", "samples": 16, "timed_calls": 48, "timings": {"preprocess_ms": {"mean": 0.6119666068116203, "p50": 0.593469594605267, "p95": 0.787124573253095, "max": 0.8877671789377928}, "model_ms": {"mean": 1.8359378882450983, "p50": 1.7787754768505692, "p95": 2.1956458454951644, "max": 2.4106570053845644}, "total_ms": {"mean": 2.4479044950567186, "p50": 2.377719501964748, "p95": 2.8987071942538023, "max": 3.218473866581917}, "gpu_ms": {"mean": 1.8131306618452072, "p50": 1.7594239711761475, "p95": 2.1725871920585633, "max": 2.3770558834075928}}, "numeric": {"fp32_cls_cosine_mean": 0.0008789822459220886, "fp32_cls_max_abs": 0.007047295570373535, "fp32_patch12_cosine_mean": 0.0014883225994708482, "fp32_patch12_max_abs": 0.3882984519004822, "bf16_eager_cls_cosine_mean": 0.0008108131587505341, "bf16_eager_cls_max_abs": 0.005785487592220306, "bf16_eager_patch12_cosine_mean": 0.0011180794790561777, "bf16_eager_patch12_max_abs": 0.39015090465545654, "same_eager_cls_cosine_mean": 0.00013406574726104736, "same_eager_cls_max_abs": 0.002760760486125946, "same_eager_patch12_cosine_mean": 0.0002173012417188147, "same_eager_patch12_max_abs": 0.21112169325351715}, "numeric_pass": false, "peak_allocated_mib": 94.4208984375, "peak_reserved_mib": 476.0, "payload_bytes": 88475136, "startup_seconds": 17.251921775052324, "cache_bytes": 63100988, "seconds": 21.373745918273926, "free_gib": 18.214244842529297}
