/home/jeong/Desktop/IPAD/.venv/lib/python3.13/site-packages/timm/models/layers/__init__.py:49: FutureWarning: Importing from timm.models.layers is deprecated, please import via timm.layers
  warnings.warn(f"Importing from {__name__} is deprecated, please import via timm.layers", FutureWarning)
{"fit_phase": 0, "samples": 405, "prototypes_per_position": 5}
{"fit_phase": 1, "samples": 393, "prototypes_per_position": 5}
{"fit_phase": 2, "samples": 389, "prototypes_per_position": 5}
{"fit_phase": 3, "samples": 388, "prototypes_per_position": 5}
{"fit_phase": 4, "samples": 391, "prototypes_per_position": 5}
{"fit_phase": 5, "samples": 390, "prototypes_per_position": 5}
{"fit_phase": 6, "samples": 394, "prototypes_per_position": 5}
{"fit_phase": 7, "samples": 389, "prototypes_per_position": 5}
{"fit_phase": 8, "samples": 392, "prototypes_per_position": 5}
{"fit_phase": 9, "samples": 383, "prototypes_per_position": 5}
{"fit_phase": 10, "samples": 397, "prototypes_per_position": 5}
{"fit_phase": 11, "samples": 387, "prototypes_per_position": 5}
{"fit_phase": 12, "samples": 394, "prototypes_per_position": 5}
{"fit_phase": 13, "samples": 392, "prototypes_per_position": 5}
{"fit_phase": 14, "samples": 384, "prototypes_per_position": 5}
{"fit_phase": 15, "samples": 394, "prototypes_per_position": 5}
{"fit_phase": 16, "samples": 393, "prototypes_per_position": 5}
{"fit_phase": 17, "samples": 387, "prototypes_per_position": 5}
{"fit_phase": 18, "samples": 256, "prototypes_per_position": 5}
/home/jeong/Desktop/IPAD/cache/dinov2_source/7764ea0f912e53c92e82eb78a2a1631e92725fc8/dinov2/layers/swiglu_ffn.py:51: UserWarning: xFormers is not available (SwiGLU)
  warnings.warn("xFormers is not available (SwiGLU)")
/home/jeong/Desktop/IPAD/cache/dinov2_source/7764ea0f912e53c92e82eb78a2a1631e92725fc8/dinov2/layers/attention.py:33: UserWarning: xFormers is not available (Attention)
  warnings.warn("xFormers is not available (Attention)")
/home/jeong/Desktop/IPAD/cache/dinov2_source/7764ea0f912e53c92e82eb78a2a1631e92725fc8/dinov2/layers/block.py:40: UserWarning: xFormers is not available (Block)
  warnings.warn("xFormers is not available (Block)")
{"scene": "R01", "seed": 0, "k": 5, "seconds": 13.425190210342407}
