/home/jeong/Desktop/IPAD/.venv/lib/python3.13/site-packages/timm/models/layers/__init__.py:49: FutureWarning: Importing from timm.models.layers is deprecated, please import via timm.layers
  warnings.warn(f"Importing from {__name__} is deprecated, please import via timm.layers", FutureWarning)
/home/jeong/Desktop/IPAD/cache/dinov2_source/7764ea0f912e53c92e82eb78a2a1631e92725fc8/dinov2/layers/swiglu_ffn.py:51: UserWarning: xFormers is not available (SwiGLU)
  warnings.warn("xFormers is not available (SwiGLU)")
/home/jeong/Desktop/IPAD/cache/dinov2_source/7764ea0f912e53c92e82eb78a2a1631e92725fc8/dinov2/layers/attention.py:33: UserWarning: xFormers is not available (Attention)
  warnings.warn("xFormers is not available (Attention)")
/home/jeong/Desktop/IPAD/cache/dinov2_source/7764ea0f912e53c92e82eb78a2a1631e92725fc8/dinov2/layers/block.py:40: UserWarning: xFormers is not available (Block)
  warnings.warn("xFormers is not available (Block)")
/home/jeong/Desktop/IPAD/ipad/stage8.py:142: UserWarning: Converting a tensor with requires_grad=True to a scalar may lead to unexpected behavior.
Consider using tensor.detach() first. (Triggered internally at /pytorch/torch/csrc/autograd/generated/python_variable_methods.cpp:836.)
  opt.step();values=np.array([float(loss),float(cons),float(anchor)]);total+=values*len(indices)
{"adapter": "runs/stage8/8-3/adapters/R04/seed1/consistency", "epoch": 1, "loss": 0.0006928255934326444, "consistency": 0.0006928255934326444, "anchor": 0.018892606479149966, "seconds": 3.2883224487304688}
{"adapter": "runs/stage8/8-3/adapters/R04/seed1/consistency", "epoch": 2, "loss": 0.00019556744355213594, "consistency": 0.00019556744355213594, "anchor": 0.38059145733714106, "seconds": 2.645437479019165}
{"adapter": "runs/stage8/8-3/adapters/R04/seed1/consistency", "epoch": 3, "loss": 4.169315043327515e-05, "consistency": 4.169315043327515e-05, "anchor": 0.6210020139813424, "seconds": 2.6582419872283936}
{"adapter": "runs/stage8/8-3/adapters/R04/seed1/consistency", "epoch": 4, "loss": 2.1564554026554104e-05, "consistency": 2.1564554026554104e-05, "anchor": 0.6602000564336776, "seconds": 2.6491754055023193}
{"adapter": "runs/stage8/8-3/adapters/R04/seed1/consistency", "epoch": 5, "loss": 1.433939332855516e-05, "consistency": 1.433939332855516e-05, "anchor": 0.6793722242116929, "seconds": 2.6643073558807373}
{"adapter": "runs/stage8/8-3/adapters/R04/seed1/consistency", "epoch": 6, "loss": 1.068873250460456e-05, "consistency": 1.068873250460456e-05, "anchor": 0.6930872514843941, "seconds": 2.664022445678711}
{"adapter": "runs/stage8/8-3/adapters/R04/seed1/consistency", "epoch": 7, "loss": 8.154025988460489e-06, "consistency": 8.154025988460489e-06, "anchor": 0.7044252097606659, "seconds": 2.6651804447174072}
{"adapter": "runs/stage8/8-3/adapters/R04/seed1/consistency", "epoch": 8, "loss": 6.856299432911328e-06, "consistency": 6.856299432911328e-06, "anchor": 0.7142809852957726, "seconds": 2.6643388271331787}
{"adapter": "runs/stage8/8-3/adapters/R04/seed1/consistency", "epoch": 9, "loss": 5.5102574719967375e-06, "consistency": 5.5102574719967375e-06, "anchor": 0.7230919420719146, "seconds": 2.6633946895599365}
{"adapter": "runs/stage8/8-3/adapters/R04/seed1/consistency", "epoch": 10, "loss": 5.19060238275415e-06, "consistency": 5.19060238275415e-06, "anchor": 0.7311102077364922, "seconds": 2.664517641067505}
