/home/jeong/Desktop/IPAD/.venv/lib/python3.13/site-packages/timm/models/layers/__init__.py:49: FutureWarning: Importing from timm.models.layers is deprecated, please import via timm.layers
  warnings.warn(f"Importing from {__name__} is deprecated, please import via timm.layers", FutureWarning)
/home/jeong/Desktop/IPAD/cache/dinov2_source/7764ea0f912e53c92e82eb78a2a1631e92725fc8/dinov2/layers/swiglu_ffn.py:51: UserWarning: xFormers is not available (SwiGLU)
  warnings.warn("xFormers is not available (SwiGLU)")
/home/jeong/Desktop/IPAD/cache/dinov2_source/7764ea0f912e53c92e82eb78a2a1631e92725fc8/dinov2/layers/attention.py:33: UserWarning: xFormers is not available (Attention)
  warnings.warn("xFormers is not available (Attention)")
/home/jeong/Desktop/IPAD/cache/dinov2_source/7764ea0f912e53c92e82eb78a2a1631e92725fc8/dinov2/layers/block.py:40: UserWarning: xFormers is not available (Block)
  warnings.warn("xFormers is not available (Block)")
/home/jeong/Desktop/IPAD/ipad/stage8.py:142: UserWarning: Converting a tensor with requires_grad=True to a scalar may lead to unexpected behavior.
Consider using tensor.detach() first. (Triggered internally at /pytorch/torch/csrc/autograd/generated/python_variable_methods.cpp:836.)
  opt.step();values=np.array([float(loss),float(cons),float(anchor)]);total+=values*len(indices)
{"adapter": "runs/stage8/8-3/adapters/R03/seed2/consistency", "epoch": 1, "loss": 0.000610830558477627, "consistency": 0.000610830558477627, "anchor": 0.005654888187934111, "seconds": 2.875520706176758}
{"adapter": "runs/stage8/8-3/adapters/R03/seed2/consistency", "epoch": 2, "loss": 0.0002963916342517169, "consistency": 0.0002963916342517169, "anchor": 0.15051223271909883, "seconds": 2.260924816131592}
{"adapter": "runs/stage8/8-3/adapters/R03/seed2/consistency", "epoch": 3, "loss": 6.304131864667665e-05, "consistency": 6.304131864667665e-05, "anchor": 0.46286295266712413, "seconds": 2.2556257247924805}
{"adapter": "runs/stage8/8-3/adapters/R03/seed2/consistency", "epoch": 4, "loss": 1.8743729389611606e-05, "consistency": 1.8743729389611606e-05, "anchor": 0.5795350688345292, "seconds": 2.2495310306549072}
{"adapter": "runs/stage8/8-3/adapters/R03/seed2/consistency", "epoch": 5, "loss": 1.2136139503127197e-05, "consistency": 1.2136139503127197e-05, "anchor": 0.616178069044562, "seconds": 2.264958381652832}
{"adapter": "runs/stage8/8-3/adapters/R03/seed2/consistency", "epoch": 6, "loss": 9.249792262434152e-06, "consistency": 9.249792262434152e-06, "anchor": 0.6344332204145544, "seconds": 2.262735605239868}
{"adapter": "runs/stage8/8-3/adapters/R03/seed2/consistency", "epoch": 7, "loss": 7.497079235797762e-06, "consistency": 7.497079235797762e-06, "anchor": 0.6462927969063029, "seconds": 2.2631964683532715}
{"adapter": "runs/stage8/8-3/adapters/R03/seed2/consistency", "epoch": 8, "loss": 6.764199096163365e-06, "consistency": 6.764199096163365e-06, "anchor": 0.6555595993995667, "seconds": 2.2668800354003906}
{"adapter": "runs/stage8/8-3/adapters/R03/seed2/consistency", "epoch": 9, "loss": 5.884043115228826e-06, "consistency": 5.884043115228826e-06, "anchor": 0.663962267777499, "seconds": 2.2603166103363037}
{"adapter": "runs/stage8/8-3/adapters/R03/seed2/consistency", "epoch": 10, "loss": 5.284955303817269e-06, "consistency": 5.284955303817269e-06, "anchor": 0.6720441895372727, "seconds": 2.2659058570861816}
