/home/jeong/Desktop/IPAD/.venv/lib/python3.13/site-packages/timm/models/layers/__init__.py:49: FutureWarning: Importing from timm.models.layers is deprecated, please import via timm.layers
  warnings.warn(f"Importing from {__name__} is deprecated, please import via timm.layers", FutureWarning)
/home/jeong/Desktop/IPAD/cache/dinov2_source/7764ea0f912e53c92e82eb78a2a1631e92725fc8/dinov2/layers/swiglu_ffn.py:51: UserWarning: xFormers is not available (SwiGLU)
  warnings.warn("xFormers is not available (SwiGLU)")
/home/jeong/Desktop/IPAD/cache/dinov2_source/7764ea0f912e53c92e82eb78a2a1631e92725fc8/dinov2/layers/attention.py:33: UserWarning: xFormers is not available (Attention)
  warnings.warn("xFormers is not available (Attention)")
/home/jeong/Desktop/IPAD/cache/dinov2_source/7764ea0f912e53c92e82eb78a2a1631e92725fc8/dinov2/layers/block.py:40: UserWarning: xFormers is not available (Block)
  warnings.warn("xFormers is not available (Block)")
/home/jeong/Desktop/IPAD/ipad/stage8.py:142: UserWarning: Converting a tensor with requires_grad=True to a scalar may lead to unexpected behavior.
Consider using tensor.detach() first. (Triggered internally at /pytorch/torch/csrc/autograd/generated/python_variable_methods.cpp:836.)
  opt.step();values=np.array([float(loss),float(cons),float(anchor)]);total+=values*len(indices)
{"adapter": "runs/stage8/8-3/adapters/R01/seed1/consistency", "epoch": 1, "loss": 0.000964017263160915, "consistency": 0.000964017263160915, "anchor": 0.045293248542981286, "seconds": 4.184270143508911}
{"adapter": "runs/stage8/8-3/adapters/R01/seed1/consistency", "epoch": 2, "loss": 0.00013293790686509088, "consistency": 0.00013293790686509088, "anchor": 0.5244425220621957, "seconds": 3.5516154766082764}
{"adapter": "runs/stage8/8-3/adapters/R01/seed1/consistency", "epoch": 3, "loss": 2.588297564687781e-05, "consistency": 2.588297564687781e-05, "anchor": 0.6505466169781156, "seconds": 3.5690295696258545}
{"adapter": "runs/stage8/8-3/adapters/R01/seed1/consistency", "epoch": 4, "loss": 1.5184928088274319e-05, "consistency": 1.5184928088274319e-05, "anchor": 0.6747404855710489, "seconds": 3.584839105606079}
{"adapter": "runs/stage8/8-3/adapters/R01/seed1/consistency", "epoch": 5, "loss": 9.791304617263248e-06, "consistency": 9.791304617263248e-06, "anchor": 0.6926856372091506, "seconds": 3.571251392364502}
{"adapter": "runs/stage8/8-3/adapters/R01/seed1/consistency", "epoch": 6, "loss": 7.477019001574566e-06, "consistency": 7.477019001574566e-06, "anchor": 0.705692070501822, "seconds": 3.5979197025299072}
{"adapter": "runs/stage8/8-3/adapters/R01/seed1/consistency", "epoch": 7, "loss": 6.250575518572953e-06, "consistency": 6.250575518572953e-06, "anchor": 0.7157943270824574, "seconds": 3.6136434078216553}
{"adapter": "runs/stage8/8-3/adapters/R01/seed1/consistency", "epoch": 8, "loss": 5.82098417638648e-06, "consistency": 5.82098417638648e-06, "anchor": 0.7240477546497628, "seconds": 3.612126350402832}
{"adapter": "runs/stage8/8-3/adapters/R01/seed1/consistency", "epoch": 9, "loss": 6.35604065050925e-06, "consistency": 6.35604065050925e-06, "anchor": 0.7329086065292358, "seconds": 3.633737325668335}
{"adapter": "runs/stage8/8-3/adapters/R01/seed1/consistency", "epoch": 10, "loss": 6.906921195574493e-06, "consistency": 6.906921195574493e-06, "anchor": 0.7447825957227636, "seconds": 3.6112701892852783}
