/home/jeong/Desktop/IPAD/.venv/lib/python3.13/site-packages/timm/models/layers/__init__.py:49: FutureWarning: Importing from timm.models.layers is deprecated, please import via timm.layers
  warnings.warn(f"Importing from {__name__} is deprecated, please import via timm.layers", FutureWarning)
/home/jeong/Desktop/IPAD/cache/dinov2_source/7764ea0f912e53c92e82eb78a2a1631e92725fc8/dinov2/layers/swiglu_ffn.py:51: UserWarning: xFormers is not available (SwiGLU)
  warnings.warn("xFormers is not available (SwiGLU)")
/home/jeong/Desktop/IPAD/cache/dinov2_source/7764ea0f912e53c92e82eb78a2a1631e92725fc8/dinov2/layers/attention.py:33: UserWarning: xFormers is not available (Attention)
  warnings.warn("xFormers is not available (Attention)")
/home/jeong/Desktop/IPAD/cache/dinov2_source/7764ea0f912e53c92e82eb78a2a1631e92725fc8/dinov2/layers/block.py:40: UserWarning: xFormers is not available (Block)
  warnings.warn("xFormers is not available (Block)")
/home/jeong/Desktop/IPAD/ipad/stage8.py:142: UserWarning: Converting a tensor with requires_grad=True to a scalar may lead to unexpected behavior.
Consider using tensor.detach() first. (Triggered internally at /pytorch/torch/csrc/autograd/generated/python_variable_methods.cpp:836.)
  opt.step();values=np.array([float(loss),float(cons),float(anchor)]);total+=values*len(indices)
{"adapter": "runs/stage8/8-3/adapters/R04/seed2/consistency", "epoch": 1, "loss": 0.0007087149191647768, "consistency": 0.0007087149191647768, "anchor": 0.011818498564822111, "seconds": 3.261777877807617}
{"adapter": "runs/stage8/8-3/adapters/R04/seed2/consistency", "epoch": 2, "loss": 0.0002334212276764447, "consistency": 0.0002334212276764447, "anchor": 0.32797158863395454, "seconds": 2.642638683319092}
{"adapter": "runs/stage8/8-3/adapters/R04/seed2/consistency", "epoch": 3, "loss": 4.706918512056291e-05, "consistency": 4.706918512056291e-05, "anchor": 0.6100561335682869, "seconds": 2.6459572315216064}
{"adapter": "runs/stage8/8-3/adapters/R04/seed2/consistency", "epoch": 4, "loss": 2.130121638401761e-05, "consistency": 2.130121638401761e-05, "anchor": 0.6591832980513572, "seconds": 2.657280206680298}
{"adapter": "runs/stage8/8-3/adapters/R04/seed2/consistency", "epoch": 5, "loss": 1.542078975944605e-05, "consistency": 1.542078975944605e-05, "anchor": 0.6808953016996384, "seconds": 2.64418363571167}
{"adapter": "runs/stage8/8-3/adapters/R04/seed2/consistency", "epoch": 6, "loss": 1.072146185379097e-05, "consistency": 1.072146185379097e-05, "anchor": 0.6958329781889916, "seconds": 2.648559331893921}
{"adapter": "runs/stage8/8-3/adapters/R04/seed2/consistency", "epoch": 7, "loss": 8.487812078783463e-06, "consistency": 8.487812078783463e-06, "anchor": 0.7074012756347656, "seconds": 2.668656587600708}
{"adapter": "runs/stage8/8-3/adapters/R04/seed2/consistency", "epoch": 8, "loss": 7.33797056682306e-06, "consistency": 7.33797056682306e-06, "anchor": 0.7176833271980285, "seconds": 2.6736414432525635}
{"adapter": "runs/stage8/8-3/adapters/R04/seed2/consistency", "epoch": 9, "loss": 6.331242616397503e-06, "consistency": 6.331242616397503e-06, "anchor": 0.7269415199756623, "seconds": 2.6655972003936768}
{"adapter": "runs/stage8/8-3/adapters/R04/seed2/consistency", "epoch": 10, "loss": 5.606038359928789e-06, "consistency": 5.606038359928789e-06, "anchor": 0.7357235878705979, "seconds": 2.6652228832244873}
