/home/jeong/Desktop/IPAD/.venv/lib/python3.13/site-packages/timm/models/layers/__init__.py:49: FutureWarning: Importing from timm.models.layers is deprecated, please import via timm.layers
  warnings.warn(f"Importing from {__name__} is deprecated, please import via timm.layers", FutureWarning)
/home/jeong/Desktop/IPAD/cache/dinov2_source/7764ea0f912e53c92e82eb78a2a1631e92725fc8/dinov2/layers/swiglu_ffn.py:51: UserWarning: xFormers is not available (SwiGLU)
  warnings.warn("xFormers is not available (SwiGLU)")
/home/jeong/Desktop/IPAD/cache/dinov2_source/7764ea0f912e53c92e82eb78a2a1631e92725fc8/dinov2/layers/attention.py:33: UserWarning: xFormers is not available (Attention)
  warnings.warn("xFormers is not available (Attention)")
/home/jeong/Desktop/IPAD/cache/dinov2_source/7764ea0f912e53c92e82eb78a2a1631e92725fc8/dinov2/layers/block.py:40: UserWarning: xFormers is not available (Block)
  warnings.warn("xFormers is not available (Block)")
/home/jeong/Desktop/IPAD/ipad/stage8.py:142: UserWarning: Converting a tensor with requires_grad=True to a scalar may lead to unexpected behavior.
Consider using tensor.detach() first. (Triggered internally at /pytorch/torch/csrc/autograd/generated/python_variable_methods.cpp:836.)
  opt.step();values=np.array([float(loss),float(cons),float(anchor)]);total+=values*len(indices)
{"adapter": "runs/stage8/8-3/adapters/R02/seed1/consistency", "epoch": 1, "loss": 0.0007592088665357247, "consistency": 0.0007592088665357247, "anchor": 0.024584883212825332, "seconds": 3.8283650875091553}
{"adapter": "runs/stage8/8-3/adapters/R02/seed1/consistency", "epoch": 2, "loss": 0.0001928114102914454, "consistency": 0.0001928114102914454, "anchor": 0.41629220234851044, "seconds": 3.174525260925293}
{"adapter": "runs/stage8/8-3/adapters/R02/seed1/consistency", "epoch": 3, "loss": 3.382878835130517e-05, "consistency": 3.382878835130517e-05, "anchor": 0.6353401814897855, "seconds": 3.1669583320617676}
{"adapter": "runs/stage8/8-3/adapters/R02/seed1/consistency", "epoch": 4, "loss": 1.736123473013625e-05, "consistency": 1.736123473013625e-05, "anchor": 0.6798472565909227, "seconds": 3.188610315322876}
{"adapter": "runs/stage8/8-3/adapters/R02/seed1/consistency", "epoch": 5, "loss": 1.1009825139277988e-05, "consistency": 1.1009825139277988e-05, "anchor": 0.7008260761698087, "seconds": 3.1877613067626953}
{"adapter": "runs/stage8/8-3/adapters/R02/seed1/consistency", "epoch": 6, "loss": 8.605266932211938e-06, "consistency": 8.605266932211938e-06, "anchor": 0.7145233117043972, "seconds": 3.2036869525909424}
{"adapter": "runs/stage8/8-3/adapters/R02/seed1/consistency", "epoch": 7, "loss": 6.491427029686747e-06, "consistency": 6.491427029686747e-06, "anchor": 0.7249755573769411, "seconds": 3.1913516521453857}
{"adapter": "runs/stage8/8-3/adapters/R02/seed1/consistency", "epoch": 8, "loss": 5.158403557932918e-06, "consistency": 5.158403557932918e-06, "anchor": 0.7334378163019816, "seconds": 3.2093122005462646}
{"adapter": "runs/stage8/8-3/adapters/R02/seed1/consistency", "epoch": 9, "loss": 4.793889592254648e-06, "consistency": 4.793889592254648e-06, "anchor": 0.741002045571804, "seconds": 3.201587200164795}
{"adapter": "runs/stage8/8-3/adapters/R02/seed1/consistency", "epoch": 10, "loss": 4.626800172028804e-06, "consistency": 4.626800172028804e-06, "anchor": 0.7487992731233438, "seconds": 3.1981470584869385}
