/home/jeong/Desktop/IPAD/.venv/lib/python3.13/site-packages/timm/models/layers/__init__.py:49: FutureWarning: Importing from timm.models.layers is deprecated, please import via timm.layers
  warnings.warn(f"Importing from {__name__} is deprecated, please import via timm.layers", FutureWarning)
/home/jeong/Desktop/IPAD/cache/dinov2_source/7764ea0f912e53c92e82eb78a2a1631e92725fc8/dinov2/layers/swiglu_ffn.py:51: UserWarning: xFormers is not available (SwiGLU)
  warnings.warn("xFormers is not available (SwiGLU)")
/home/jeong/Desktop/IPAD/cache/dinov2_source/7764ea0f912e53c92e82eb78a2a1631e92725fc8/dinov2/layers/attention.py:33: UserWarning: xFormers is not available (Attention)
  warnings.warn("xFormers is not available (Attention)")
/home/jeong/Desktop/IPAD/cache/dinov2_source/7764ea0f912e53c92e82eb78a2a1631e92725fc8/dinov2/layers/block.py:40: UserWarning: xFormers is not available (Block)
  warnings.warn("xFormers is not available (Block)")
/home/jeong/Desktop/IPAD/ipad/stage8.py:142: UserWarning: Converting a tensor with requires_grad=True to a scalar may lead to unexpected behavior.
Consider using tensor.detach() first. (Triggered internally at /pytorch/torch/csrc/autograd/generated/python_variable_methods.cpp:836.)
  opt.step();values=np.array([float(loss),float(cons),float(anchor)]);total+=values*len(indices)
{"adapter": "runs/stage8/8-3/adapters/R03/seed1/consistency", "epoch": 1, "loss": 0.0006158458135734476, "consistency": 0.0006158458135734476, "anchor": 0.008053109160660325, "seconds": 2.9054224491119385}
{"adapter": "runs/stage8/8-3/adapters/R03/seed1/consistency", "epoch": 2, "loss": 0.00026326743168550925, "consistency": 0.00026326743168550925, "anchor": 0.18729577717535636, "seconds": 2.2588608264923096}
{"adapter": "runs/stage8/8-3/adapters/R03/seed1/consistency", "epoch": 3, "loss": 4.545661297871608e-05, "consistency": 4.545661297871608e-05, "anchor": 0.4999370986924452, "seconds": 2.2611052989959717}
{"adapter": "runs/stage8/8-3/adapters/R03/seed1/consistency", "epoch": 4, "loss": 1.805763304218999e-05, "consistency": 1.805763304218999e-05, "anchor": 0.5932329858050627, "seconds": 2.252936601638794}
{"adapter": "runs/stage8/8-3/adapters/R03/seed1/consistency", "epoch": 5, "loss": 1.2864335049551514e-05, "consistency": 1.2864335049551514e-05, "anchor": 0.62300745529287, "seconds": 2.264756202697754}
{"adapter": "runs/stage8/8-3/adapters/R03/seed1/consistency", "epoch": 6, "loss": 1.0374316429186043e-05, "consistency": 1.0374316429186043e-05, "anchor": 0.6396162352141213, "seconds": 2.264439821243286}
{"adapter": "runs/stage8/8-3/adapters/R03/seed1/consistency", "epoch": 7, "loss": 8.283528385992908e-06, "consistency": 8.283528385992908e-06, "anchor": 0.651613770162358, "seconds": 2.260758638381958}
{"adapter": "runs/stage8/8-3/adapters/R03/seed1/consistency", "epoch": 8, "loss": 6.817296520346324e-06, "consistency": 6.817296520346324e-06, "anchor": 0.6611472946756026, "seconds": 2.2673532962799072}
{"adapter": "runs/stage8/8-3/adapters/R03/seed1/consistency", "epoch": 9, "loss": 5.945128149880261e-06, "consistency": 5.945128149880261e-06, "anchor": 0.6692842806086821, "seconds": 2.2621817588806152}
{"adapter": "runs/stage8/8-3/adapters/R03/seed1/consistency", "epoch": 10, "loss": 5.319575915136204e-06, "consistency": 5.319575915136204e-06, "anchor": 0.6768616981366101, "seconds": 2.26636004447937}
