/home/jeong/Desktop/IPAD/.venv/lib/python3.13/site-packages/timm/models/layers/__init__.py:49: FutureWarning: Importing from timm.models.layers is deprecated, please import via timm.layers
  warnings.warn(f"Importing from {__name__} is deprecated, please import via timm.layers", FutureWarning)
/home/jeong/Desktop/IPAD/cache/dinov2_source/7764ea0f912e53c92e82eb78a2a1631e92725fc8/dinov2/layers/swiglu_ffn.py:51: UserWarning: xFormers is not available (SwiGLU)
  warnings.warn("xFormers is not available (SwiGLU)")
/home/jeong/Desktop/IPAD/cache/dinov2_source/7764ea0f912e53c92e82eb78a2a1631e92725fc8/dinov2/layers/attention.py:33: UserWarning: xFormers is not available (Attention)
  warnings.warn("xFormers is not available (Attention)")
/home/jeong/Desktop/IPAD/cache/dinov2_source/7764ea0f912e53c92e82eb78a2a1631e92725fc8/dinov2/layers/block.py:40: UserWarning: xFormers is not available (Block)
  warnings.warn("xFormers is not available (Block)")
/home/jeong/Desktop/IPAD/ipad/stage8.py:142: UserWarning: Converting a tensor with requires_grad=True to a scalar may lead to unexpected behavior.
Consider using tensor.detach() first. (Triggered internally at /pytorch/torch/csrc/autograd/generated/python_variable_methods.cpp:836.)
  opt.step();values=np.array([float(loss),float(cons),float(anchor)]);total+=values*len(indices)
{"adapter": "runs/stage8/8-3/adapters/R02/seed2/anchored", "epoch": 1, "loss": 0.0008874969559353, "consistency": 0.0008624708995436473, "anchor": 2.5026059451353316e-05, "seconds": 3.831902027130127}
{"adapter": "runs/stage8/8-3/adapters/R02/seed2/anchored", "epoch": 2, "loss": 0.0009517737938343392, "consistency": 0.0009162181437811038, "anchor": 3.5555651227999384e-05, "seconds": 3.186985731124878}
{"adapter": "runs/stage8/8-3/adapters/R02/seed2/anchored", "epoch": 3, "loss": 0.0009002376427815761, "consistency": 0.0008601800982432906, "anchor": 4.005753961185595e-05, "seconds": 3.1785342693328857}
{"adapter": "runs/stage8/8-3/adapters/R02/seed2/anchored", "epoch": 4, "loss": 0.0008736105058536244, "consistency": 0.0008290514427547654, "anchor": 4.4559062871485366e-05, "seconds": 3.1835086345672607}
{"adapter": "runs/stage8/8-3/adapters/R02/seed2/anchored", "epoch": 5, "loss": 0.0008594372714772666, "consistency": 0.0008140262592254052, "anchor": 4.541101096341057e-05, "seconds": 3.178847551345825}
{"adapter": "runs/stage8/8-3/adapters/R02/seed2/anchored", "epoch": 6, "loss": 0.0008792417914567826, "consistency": 0.0008287384359088416, "anchor": 5.0503355623732205e-05, "seconds": 3.1930835247039795}
{"adapter": "runs/stage8/8-3/adapters/R02/seed2/anchored", "epoch": 7, "loss": 0.0008395079021283891, "consistency": 0.0007862350976211019, "anchor": 5.327279806503308e-05, "seconds": 3.1976146697998047}
{"adapter": "runs/stage8/8-3/adapters/R02/seed2/anchored", "epoch": 8, "loss": 0.0008657109550161598, "consistency": 0.0008116702119878028, "anchor": 5.4040740678829025e-05, "seconds": 3.1964919567108154}
{"adapter": "runs/stage8/8-3/adapters/R02/seed2/anchored", "epoch": 9, "loss": 0.0008644399470843686, "consistency": 0.000809238976216875, "anchor": 5.520097154961453e-05, "seconds": 3.1977875232696533}
{"adapter": "runs/stage8/8-3/adapters/R02/seed2/anchored", "epoch": 10, "loss": 0.0009008951844104255, "consistency": 0.0008424896247258099, "anchor": 5.840556112464886e-05, "seconds": 3.1971774101257324}
