/home/jeong/Desktop/IPAD/.venv/lib/python3.13/site-packages/timm/models/layers/__init__.py:49: FutureWarning: Importing from timm.models.layers is deprecated, please import via timm.layers
  warnings.warn(f"Importing from {__name__} is deprecated, please import via timm.layers", FutureWarning)
/home/jeong/Desktop/IPAD/cache/dinov2_source/7764ea0f912e53c92e82eb78a2a1631e92725fc8/dinov2/layers/swiglu_ffn.py:51: UserWarning: xFormers is not available (SwiGLU)
  warnings.warn("xFormers is not available (SwiGLU)")
/home/jeong/Desktop/IPAD/cache/dinov2_source/7764ea0f912e53c92e82eb78a2a1631e92725fc8/dinov2/layers/attention.py:33: UserWarning: xFormers is not available (Attention)
  warnings.warn("xFormers is not available (Attention)")
/home/jeong/Desktop/IPAD/cache/dinov2_source/7764ea0f912e53c92e82eb78a2a1631e92725fc8/dinov2/layers/block.py:40: UserWarning: xFormers is not available (Block)
  warnings.warn("xFormers is not available (Block)")
/home/jeong/Desktop/IPAD/ipad/stage8.py:142: UserWarning: Converting a tensor with requires_grad=True to a scalar may lead to unexpected behavior.
Consider using tensor.detach() first. (Triggered internally at /pytorch/torch/csrc/autograd/generated/python_variable_methods.cpp:836.)
  opt.step();values=np.array([float(loss),float(cons),float(anchor)]);total+=values*len(indices)
{"adapter": "runs/stage8/8-3/adapters/R02/seed1/anchored", "epoch": 1, "loss": 0.0009063492761924863, "consistency": 0.0008816882958247637, "anchor": 2.4660982429036693e-05, "seconds": 3.957303047180176}
{"adapter": "runs/stage8/8-3/adapters/R02/seed1/anchored", "epoch": 2, "loss": 0.0008868826407706365, "consistency": 0.0008564145100535825, "anchor": 3.046813045178472e-05, "seconds": 3.1795730590820312}
{"adapter": "runs/stage8/8-3/adapters/R02/seed1/anchored", "epoch": 3, "loss": 0.0009000213067338336, "consistency": 0.0008610141097354548, "anchor": 3.90071949520158e-05, "seconds": 3.197613477706909}
{"adapter": "runs/stage8/8-3/adapters/R02/seed1/anchored", "epoch": 4, "loss": 0.0008974767139685961, "consistency": 0.0008534440057701431, "anchor": 4.403269834559372e-05, "seconds": 3.1915359497070312}
{"adapter": "runs/stage8/8-3/adapters/R02/seed1/anchored", "epoch": 5, "loss": 0.0009013177138209963, "consistency": 0.0008523953232118705, "anchor": 4.892238992700489e-05, "seconds": 3.196810483932495}
{"adapter": "runs/stage8/8-3/adapters/R02/seed1/anchored", "epoch": 6, "loss": 0.0008993591169807283, "consistency": 0.0008472570783245222, "anchor": 5.2102040626778034e-05, "seconds": 3.2094457149505615}
{"adapter": "runs/stage8/8-3/adapters/R02/seed1/anchored", "epoch": 7, "loss": 0.0008960410547539747, "consistency": 0.0008414137895063808, "anchor": 5.4627266384462324e-05, "seconds": 3.2042722702026367}
{"adapter": "runs/stage8/8-3/adapters/R02/seed1/anchored", "epoch": 8, "loss": 0.0008844293806760106, "consistency": 0.0008308730114852855, "anchor": 5.355636835702171e-05, "seconds": 3.2125866413116455}
{"adapter": "runs/stage8/8-3/adapters/R02/seed1/anchored", "epoch": 9, "loss": 0.000884867831094501, "consistency": 0.0008289729024302991, "anchor": 5.5894924874640615e-05, "seconds": 3.1989312171936035}
{"adapter": "runs/stage8/8-3/adapters/R02/seed1/anchored", "epoch": 10, "loss": 0.0009100137588878473, "consistency": 0.0008488876731765534, "anchor": 6.1126083740722e-05, "seconds": 3.2148537635803223}
