/home/jeong/Desktop/IPAD/.venv/lib/python3.13/site-packages/timm/models/layers/__init__.py:49: FutureWarning: Importing from timm.models.layers is deprecated, please import via timm.layers
  warnings.warn(f"Importing from {__name__} is deprecated, please import via timm.layers", FutureWarning)
/home/jeong/Desktop/IPAD/cache/dinov2_source/7764ea0f912e53c92e82eb78a2a1631e92725fc8/dinov2/layers/swiglu_ffn.py:51: UserWarning: xFormers is not available (SwiGLU)
  warnings.warn("xFormers is not available (SwiGLU)")
/home/jeong/Desktop/IPAD/cache/dinov2_source/7764ea0f912e53c92e82eb78a2a1631e92725fc8/dinov2/layers/attention.py:33: UserWarning: xFormers is not available (Attention)
  warnings.warn("xFormers is not available (Attention)")
/home/jeong/Desktop/IPAD/cache/dinov2_source/7764ea0f912e53c92e82eb78a2a1631e92725fc8/dinov2/layers/block.py:40: UserWarning: xFormers is not available (Block)
  warnings.warn("xFormers is not available (Block)")
/home/jeong/Desktop/IPAD/ipad/stage8.py:142: UserWarning: Converting a tensor with requires_grad=True to a scalar may lead to unexpected behavior.
Consider using tensor.detach() first. (Triggered internally at /pytorch/torch/csrc/autograd/generated/python_variable_methods.cpp:836.)
  opt.step();values=np.array([float(loss),float(cons),float(anchor)]);total+=values*len(indices)
{"adapter": "runs/stage8/8-3/adapters/R04/seed1/anchored", "epoch": 1, "loss": 0.0008054478574194945, "consistency": 0.0007838641715352424, "anchor": 2.1583683539194708e-05, "seconds": 3.2744927406311035}
{"adapter": "runs/stage8/8-3/adapters/R04/seed1/anchored", "epoch": 2, "loss": 0.0007787467846355866, "consistency": 0.0007524654000008013, "anchor": 2.628138995532936e-05, "seconds": 2.646427869796753}
{"adapter": "runs/stage8/8-3/adapters/R04/seed1/anchored", "epoch": 3, "loss": 0.0007789118986693211, "consistency": 0.0007504429289838299, "anchor": 2.846896832124912e-05, "seconds": 2.647106409072876}
{"adapter": "runs/stage8/8-3/adapters/R04/seed1/anchored", "epoch": 4, "loss": 0.0007951440085889772, "consistency": 0.000760415660624858, "anchor": 3.4728339733192116e-05, "seconds": 2.6678850650787354}
{"adapter": "runs/stage8/8-3/adapters/R04/seed1/anchored", "epoch": 5, "loss": 0.0007716233987594024, "consistency": 0.0007378299414995126, "anchor": 3.379346026122221e-05, "seconds": 2.6611320972442627}
{"adapter": "runs/stage8/8-3/adapters/R04/seed1/anchored", "epoch": 6, "loss": 0.0007917366237961687, "consistency": 0.0007545786349510309, "anchor": 3.715798820849159e-05, "seconds": 2.6618499755859375}
{"adapter": "runs/stage8/8-3/adapters/R04/seed1/anchored", "epoch": 7, "loss": 0.0007719020286458544, "consistency": 0.0007307597654289566, "anchor": 4.1142263671645193e-05, "seconds": 2.664173126220703}
{"adapter": "runs/stage8/8-3/adapters/R04/seed1/anchored", "epoch": 8, "loss": 0.0008022738955332897, "consistency": 0.0007603370213473681, "anchor": 4.1936872730730104e-05, "seconds": 2.662662982940674}
{"adapter": "runs/stage8/8-3/adapters/R04/seed1/anchored", "epoch": 9, "loss": 0.0007618044794071466, "consistency": 0.0007201228727353737, "anchor": 4.168161049165064e-05, "seconds": 2.6655328273773193}
{"adapter": "runs/stage8/8-3/adapters/R04/seed1/anchored", "epoch": 10, "loss": 0.0007688202953431755, "consistency": 0.0007261616083269473, "anchor": 4.265868774382398e-05, "seconds": 2.662706136703491}
