/home/jeong/Desktop/IPAD/.venv/lib/python3.13/site-packages/timm/models/layers/__init__.py:49: FutureWarning: Importing from timm.models.layers is deprecated, please import via timm.layers
  warnings.warn(f"Importing from {__name__} is deprecated, please import via timm.layers", FutureWarning)
/home/jeong/Desktop/IPAD/cache/dinov2_source/7764ea0f912e53c92e82eb78a2a1631e92725fc8/dinov2/layers/swiglu_ffn.py:51: UserWarning: xFormers is not available (SwiGLU)
  warnings.warn("xFormers is not available (SwiGLU)")
/home/jeong/Desktop/IPAD/cache/dinov2_source/7764ea0f912e53c92e82eb78a2a1631e92725fc8/dinov2/layers/attention.py:33: UserWarning: xFormers is not available (Attention)
  warnings.warn("xFormers is not available (Attention)")
/home/jeong/Desktop/IPAD/cache/dinov2_source/7764ea0f912e53c92e82eb78a2a1631e92725fc8/dinov2/layers/block.py:40: UserWarning: xFormers is not available (Block)
  warnings.warn("xFormers is not available (Block)")
/home/jeong/Desktop/IPAD/ipad/stage8.py:142: UserWarning: Converting a tensor with requires_grad=True to a scalar may lead to unexpected behavior.
Consider using tensor.detach() first. (Triggered internally at /pytorch/torch/csrc/autograd/generated/python_variable_methods.cpp:836.)
  opt.step();values=np.array([float(loss),float(cons),float(anchor)]);total+=values*len(indices)
{"adapter": "runs/stage8/8-3/adapters/R01/seed1/anchored", "epoch": 1, "loss": 0.0012732737878751424, "consistency": 0.0012436408055859997, "anchor": 2.9632981326423015e-05, "seconds": 4.2020955085754395}
{"adapter": "runs/stage8/8-3/adapters/R01/seed1/anchored", "epoch": 2, "loss": 0.0012782818542931367, "consistency": 0.0012341532813109181, "anchor": 4.412857291484855e-05, "seconds": 3.579383611679077}
{"adapter": "runs/stage8/8-3/adapters/R01/seed1/anchored", "epoch": 3, "loss": 0.0011873673830888475, "consistency": 0.0011343791125842404, "anchor": 5.298827198674661e-05, "seconds": 3.5927953720092773}
{"adapter": "runs/stage8/8-3/adapters/R01/seed1/anchored", "epoch": 4, "loss": 0.0012039411230944097, "consistency": 0.0011418084150473416, "anchor": 6.213270440908943e-05, "seconds": 3.581129550933838}
{"adapter": "runs/stage8/8-3/adapters/R01/seed1/anchored", "epoch": 5, "loss": 0.0012195263719789822, "consistency": 0.0011503864273739357, "anchor": 6.913994514400622e-05, "seconds": 3.5859227180480957}
{"adapter": "runs/stage8/8-3/adapters/R01/seed1/anchored", "epoch": 6, "loss": 0.0012153509941762659, "consistency": 0.001141152585020151, "anchor": 7.419841360253351e-05, "seconds": 3.596662759780884}
{"adapter": "runs/stage8/8-3/adapters/R01/seed1/anchored", "epoch": 7, "loss": 0.001187892443138278, "consistency": 0.001113301803814937, "anchor": 7.459064848565806e-05, "seconds": 3.5956645011901855}
{"adapter": "runs/stage8/8-3/adapters/R01/seed1/anchored", "epoch": 8, "loss": 0.0011766186863597897, "consistency": 0.0010992711123199788, "anchor": 7.7347582528428e-05, "seconds": 3.5983009338378906}
{"adapter": "runs/stage8/8-3/adapters/R01/seed1/anchored", "epoch": 9, "loss": 0.0011894044162343359, "consistency": 0.0011098118557129055, "anchor": 7.959256833634788e-05, "seconds": 3.607156991958618}
{"adapter": "runs/stage8/8-3/adapters/R01/seed1/anchored", "epoch": 10, "loss": 0.0011399882970619256, "consistency": 0.0010597303949503435, "anchor": 8.025790453690138e-05, "seconds": 3.6179027557373047}
