/home/jeong/Desktop/IPAD/.venv/lib/python3.13/site-packages/timm/models/layers/__init__.py:49: FutureWarning: Importing from timm.models.layers is deprecated, please import via timm.layers
  warnings.warn(f"Importing from {__name__} is deprecated, please import via timm.layers", FutureWarning)
/home/jeong/Desktop/IPAD/cache/dinov2_source/7764ea0f912e53c92e82eb78a2a1631e92725fc8/dinov2/layers/swiglu_ffn.py:51: UserWarning: xFormers is not available (SwiGLU)
  warnings.warn("xFormers is not available (SwiGLU)")
/home/jeong/Desktop/IPAD/cache/dinov2_source/7764ea0f912e53c92e82eb78a2a1631e92725fc8/dinov2/layers/attention.py:33: UserWarning: xFormers is not available (Attention)
  warnings.warn("xFormers is not available (Attention)")
/home/jeong/Desktop/IPAD/cache/dinov2_source/7764ea0f912e53c92e82eb78a2a1631e92725fc8/dinov2/layers/block.py:40: UserWarning: xFormers is not available (Block)
  warnings.warn("xFormers is not available (Block)")
/home/jeong/Desktop/IPAD/ipad/stage8.py:142: UserWarning: Converting a tensor with requires_grad=True to a scalar may lead to unexpected behavior.
Consider using tensor.detach() first. (Triggered internally at /pytorch/torch/csrc/autograd/generated/python_variable_methods.cpp:836.)
  opt.step();values=np.array([float(loss),float(cons),float(anchor)]);total+=values*len(indices)
{"adapter": "runs/stage8/8-3/adapters/R03/seed1/anchored", "epoch": 1, "loss": 0.0007175980170038255, "consistency": 0.0006946161139400347, "anchor": 2.2981907462677246e-05, "seconds": 2.89257550239563}
{"adapter": "runs/stage8/8-3/adapters/R03/seed1/anchored", "epoch": 2, "loss": 0.000705214573399109, "consistency": 0.0006781030199764406, "anchor": 2.7111554225163726e-05, "seconds": 2.2664570808410645}
{"adapter": "runs/stage8/8-3/adapters/R03/seed1/anchored", "epoch": 3, "loss": 0.0006883891396950383, "consistency": 0.0006575208509970895, "anchor": 3.086828880494817e-05, "seconds": 2.2633254528045654}
{"adapter": "runs/stage8/8-3/adapters/R03/seed1/anchored", "epoch": 4, "loss": 0.0006773821506238379, "consistency": 0.0006433432358522516, "anchor": 3.403891552058185e-05, "seconds": 2.262157917022705}
{"adapter": "runs/stage8/8-3/adapters/R03/seed1/anchored", "epoch": 5, "loss": 0.000678728921818273, "consistency": 0.0006437974464942646, "anchor": 3.4931478640989075e-05, "seconds": 2.262998342514038}
{"adapter": "runs/stage8/8-3/adapters/R03/seed1/anchored", "epoch": 6, "loss": 0.0006944114917560536, "consistency": 0.0006565747813403825, "anchor": 3.7836706670692796e-05, "seconds": 2.2631349563598633}
{"adapter": "runs/stage8/8-3/adapters/R03/seed1/anchored", "epoch": 7, "loss": 0.0006781900558374165, "consistency": 0.0006390408551156082, "anchor": 3.914919922381694e-05, "seconds": 2.2640113830566406}
{"adapter": "runs/stage8/8-3/adapters/R03/seed1/anchored", "epoch": 8, "loss": 0.0006606651158482931, "consistency": 0.0006205558122875279, "anchor": 4.01093065567479e-05, "seconds": 2.2647879123687744}
{"adapter": "runs/stage8/8-3/adapters/R03/seed1/anchored", "epoch": 9, "loss": 0.0006683203734128791, "consistency": 0.000627730943105074, "anchor": 4.058942934481071e-05, "seconds": 2.263002395629883}
{"adapter": "runs/stage8/8-3/adapters/R03/seed1/anchored", "epoch": 10, "loss": 0.0006672105210942819, "consistency": 0.0006239902046646046, "anchor": 4.3220314931685984e-05, "seconds": 2.28000545501709}
